Archive member included to satisfy reference by file (symbol)

c:/st/stm32cubeide_1.5.0/stm32cubeide/plugins/com.st.stm32cube.ide.mcu.externaltools.gnu-tools-for-stm32.7-2018-q2-update.win32_1.5.0.202011040924/tools/bin/../lib/gcc/arm-none-eabi/7.3.1/../../../../arm-none-eabi/lib/thumb/v7e-m/fpv5/hard\libc_nano.a(lib_a-errno.o)
                              Core/Src/syscalls.o (__errno)
c:/st/stm32cubeide_1.5.0/stm32cubeide/plugins/com.st.stm32cube.ide.mcu.externaltools.gnu-tools-for-stm32.7-2018-q2-update.win32_1.5.0.202011040924/tools/bin/../lib/gcc/arm-none-eabi/7.3.1/../../../../arm-none-eabi/lib/thumb/v7e-m/fpv5/hard\libc_nano.a(lib_a-exit.o)
                              c:/st/stm32cubeide_1.5.0/stm32cubeide/plugins/com.st.stm32cube.ide.mcu.externaltools.gnu-tools-for-stm32.7-2018-q2-update.win32_1.5.0.202011040924/tools/bin/../lib/gcc/arm-none-eabi/7.3.1/../../../../arm-none-eabi/lib/thumb/v7e-m/fpv5/hard/crt0.o (exit)
c:/st/stm32cubeide_1.5.0/stm32cubeide/plugins/com.st.stm32cube.ide.mcu.externaltools.gnu-tools-for-stm32.7-2018-q2-update.win32_1.5.0.202011040924/tools/bin/../lib/gcc/arm-none-eabi/7.3.1/../../../../arm-none-eabi/lib/thumb/v7e-m/fpv5/hard\libc_nano.a(lib_a-impure.o)
                              c:/st/stm32cubeide_1.5.0/stm32cubeide/plugins/com.st.stm32cube.ide.mcu.externaltools.gnu-tools-for-stm32.7-2018-q2-update.win32_1.5.0.202011040924/tools/bin/../lib/gcc/arm-none-eabi/7.3.1/../../../../arm-none-eabi/lib/thumb/v7e-m/fpv5/hard\libc_nano.a(lib_a-exit.o) (_global_impure_ptr)
c:/st/stm32cubeide_1.5.0/stm32cubeide/plugins/com.st.stm32cube.ide.mcu.externaltools.gnu-tools-for-stm32.7-2018-q2-update.win32_1.5.0.202011040924/tools/bin/../lib/gcc/arm-none-eabi/7.3.1/../../../../arm-none-eabi/lib/thumb/v7e-m/fpv5/hard\libc_nano.a(lib_a-init.o)
                              c:/st/stm32cubeide_1.5.0/stm32cubeide/plugins/com.st.stm32cube.ide.mcu.externaltools.gnu-tools-for-stm32.7-2018-q2-update.win32_1.5.0.202011040924/tools/bin/../lib/gcc/arm-none-eabi/7.3.1/../../../../arm-none-eabi/lib/thumb/v7e-m/fpv5/hard/crt0.o (__libc_init_array)
c:/st/stm32cubeide_1.5.0/stm32cubeide/plugins/com.st.stm32cube.ide.mcu.externaltools.gnu-tools-for-stm32.7-2018-q2-update.win32_1.5.0.202011040924/tools/bin/../lib/gcc/arm-none-eabi/7.3.1/../../../../arm-none-eabi/lib/thumb/v7e-m/fpv5/hard\libc_nano.a(lib_a-memcpy-stub.o)
                              Middlewares/FreeRTOS/Src/queue.o (memcpy)
c:/st/stm32cubeide_1.5.0/stm32cubeide/plugins/com.st.stm32cube.ide.mcu.externaltools.gnu-tools-for-stm32.7-2018-q2-update.win32_1.5.0.202011040924/tools/bin/../lib/gcc/arm-none-eabi/7.3.1/../../../../arm-none-eabi/lib/thumb/v7e-m/fpv5/hard\libc_nano.a(lib_a-memset.o)
                              c:/st/stm32cubeide_1.5.0/stm32cubeide/plugins/com.st.stm32cube.ide.mcu.externaltools.gnu-tools-for-stm32.7-2018-q2-update.win32_1.5.0.202011040924/tools/bin/../lib/gcc/arm-none-eabi/7.3.1/../../../../arm-none-eabi/lib/thumb/v7e-m/fpv5/hard/crt0.o (memset)
c:/st/stm32cubeide_1.5.0/stm32cubeide/plugins/com.st.stm32cube.ide.mcu.externaltools.gnu-tools-for-stm32.7-2018-q2-update.win32_1.5.0.202011040924/tools/bin/../lib/gcc/arm-none-eabi/7.3.1/../../../../arm-none-eabi/lib/thumb/v7e-m/fpv5/hard\libc_nano.a(lib_a-snprintf.o)
                              Core/Src/edf_tasks.o (snprintf)
c:/st/stm32cubeide_1.5.0/stm32cubeide/plugins/com.st.stm32cube.ide.mcu.externaltools.gnu-tools-for-stm32.7-2018-q2-update.win32_1.5.0.202011040924/tools/bin/../lib/gcc/arm-none-eabi/7.3.1/../../../../arm-none-eabi/lib/thumb/v7e-m/fpv5/hard\libc_nano.a(lib_a-strcmp.o)
                              Core/Src/edf_tasks.o (strcmp)
c:/st/stm32cubeide_1.5.0/stm32cubeide/plugins/com.st.stm32cube.ide.mcu.externaltools.gnu-tools-for-stm32.7-2018-q2-update.win32_1.5.0.202011040924/tools/bin/../lib/gcc/arm-none-eabi/7.3.1/../../../../arm-none-eabi/lib/thumb/v7e-m/fpv5/hard\libc_nano.a(lib_a-strlen.o)
                              Core/Src/helper_functions.o (strlen)
c:/st/stm32cubeide_1.5.0/stm32cubeide/plugins/com.st.stm32cube.ide.mcu.externaltools.gnu-tools-for-stm32.7-2018-q2-update.win32_1.5.0.202011040924/tools/bin/../lib/gcc/arm-none-eabi/7.3.1/../../../../arm-none-eabi/lib/thumb/v7e-m/fpv5/hard\libc_nano.a(lib_a-nano-svfprintf.o)
                              c:/st/stm32cubeide_1.5.0/stm32cubeide/plugins/com.st.stm32cube.ide.mcu.externaltools.gnu-tools-for-stm32.7-2018-q2-update.win32_1.5.0.202011040924/tools/bin/../lib/gcc/arm-none-eabi/7.3.1/../../../../arm-none-eabi/lib/thumb/v7e-m/fpv5/hard\libc_nano.a(lib_a-snprintf.o) (_svfprintf_r)
c:/st/stm32cubeide_1.5.0/stm32cubeide/plugins/com.st.stm32cube.ide.mcu.externaltools.gnu-tools-for-stm32.7-2018-q2-update.win32_1.5.0.202011040924/tools/bin/../lib/gcc/arm-none-eabi/7.3.1/../../../../arm-none-eabi/lib/thumb/v7e-m/fpv5/hard\libc_nano.a(lib_a-nano-vfprintf_i.o)
[...]
Memory Configuration

Name             Origin             Length             Attributes
RAM              0x0000000020000000 0x0000000000080000 xrw
FLASH            0x0000000008000000 0x0000000000200000 xr
*default*        0x0000000000000000 0xffffffffffffffff

Linker script and memory map

LOAD c:/st/stm32cubeide_1.5.0/stm32cubeide/plugins/com.st.stm32cube.ide.mcu.externaltools.gnu-tools-for-stm32.7-2018-q2-update.win32_1.5.0.202011040924/tools/bin/../lib/gcc/arm-none-eabi/7.3.1/thumb/v7e-m/fpv5/hard/crti.o
LOAD c:/st/stm32cubeide_1.5.0/stm32cubeide/plugins/com.st.stm32cube.ide.mcu.externaltools.gnu-tools-for-stm32.7-2018-q2-update.win32_1.5.0.202011040924/tools/bin/../lib/gcc/arm-none-eabi/7.3.1/thumb/v7e-m/fpv5/hard/crtbegin.o
LOAD c:/st/stm32cubeide_1.5.0/stm32cubeide/plugins/com.st.stm32cube.ide.mcu.externaltools.gnu-tools-for-stm32.7-2018-q2-update.win32_1.5.0.202011040924/tools/bin/../lib/gcc/arm-none-eabi/7.3.1/../../../../arm-none-eabi/lib/thumb/v7e-m/fpv5/hard/crt0.o
LOAD Core/Src/blinky.o
LOAD Core/Src/edf_tasks.o
LOAD Core/Src/helper_functions.o
LOAD Core/Src/hooks.o
LOAD Core/Src/main.o
LOAD Core/Src/stm32f7xx_hal_msp.o
LOAD Core/Src/stm32f7xx_hal_timebase_tim.o
LOAD Core/Src/stm32f7xx_it.o
LOAD Core/Src/syscalls.o
LOAD Core/Src/sysmem.o
LOAD Core/Src/system_stm32f7xx.o
LOAD Core/Startup/startup_stm32f769nihx.o
LOAD Drivers/STM32F7xx_HAL_Driver/Src/stm32f7xx_hal.o
LOAD Drivers/STM32F7xx_HAL_Driver/Src/stm32f7xx_hal_cortex.o
LOAD Drivers/STM32F7xx_HAL_Driver/Src/stm32f7xx_hal_dma.o
LOAD Drivers/STM32F7xx_HAL_Driver/Src/stm32f7xx_hal_dma_ex.o
LOAD Drivers/STM32F7xx_HAL_Driver/Src/stm32f7xx_hal_exti.o
LOAD Drivers/STM32F7xx_HAL_Driver/Src/stm32f7xx_hal_flash.o
LOAD Drivers/STM32F7xx_HAL_Driver/Src/stm32f7xx_hal_flash_ex.o
LOAD Drivers/STM32F7xx_HAL_Driver/Src/stm32f7xx_hal_gpio.o
LOAD Drivers/STM32F7xx_HAL_Driver/Src/stm32f7xx_hal_i2c.o
LOAD Drivers/STM32F7xx_HAL_Driver/Src/stm32f7xx_hal_i2c_ex.o
LOAD Drivers/STM32F7xx_HAL_Driver/Src/stm32f7xx_hal_pwr.o
LOAD Drivers/STM32F7xx_HAL_Driver/Src/stm32f7xx_hal_pwr_ex.o
LOAD Drivers/STM32F7xx_HAL_Driver/Src/stm32f7xx_hal_rcc.o
LOAD Drivers/STM32F7xx_HAL_Driver/Src/stm32f7xx_hal_rcc_ex.o
LOAD Drivers/STM32F7xx_HAL_Driver/Src/stm32f7xx_hal_rng.o
LOAD Drivers/STM32F7xx_HAL_Driver/Src/stm32f7xx_hal_tim.o
LOAD Drivers/STM32F7xx_HAL_Driver/Src/stm32f7xx_hal_tim_ex.o
LOAD Drivers/STM32F7xx_HAL_Driver/Src/stm32f7xx_hal_uart.o
LOAD Drivers/STM32F7xx_HAL_Driver/Src/stm32f7xx_hal_uart_ex.o
LOAD Middlewares/FreeRTOS/Src/MemMang/heap_4.o
LOAD Middlewares/FreeRTOS/Src/croutine.o
LOAD Middlewares/FreeRTOS/Src/event_groups.o
LOAD Middlewares/FreeRTOS/Src/list.o
LOAD Middlewares/FreeRTOS/Src/queue.o
LOAD Middlewares/FreeRTOS/Src/stream_buffer.o
LOAD Middlewares/FreeRTOS/Src/tasks.o
LOAD Middlewares/FreeRTOS/Src/timers.o
LOAD Middlewares/FreeRTOS/Src/portable/port.o
START GROUP
LOAD c:/st/stm32cubeide_1.5.0/stm32cubeide/plugins/com.st.stm32cube.ide.mcu.externaltools.gnu-tools-for-stm32.7-2018-q2-update.win32_1.5.0.202011040924/tools/bin/../lib/gcc/arm-none-eabi/7.3.1/../../../../arm-none-eabi/lib/thumb/v7e-m/fpv5/hard\libc_nano.a
LOAD c:/st/stm32cubeide_1.5.0/stm32cubeide/plugins/com.st.stm32cube.ide.mcu.externaltools.gnu-tools-for-stm32.7-2018-q2-update.win32_1.5.0.202011040924/tools/bin/../lib/gcc/arm-none-eabi/7.3.1/../../../../arm-none-eabi/lib/thumb/v7e-m/fpv5/hard\libm.a
END GROUP
START GROUP
LOAD c:/st/stm32cubeide_1.5.0/stm32cubeide/plugins/com.st.stm32cube.ide.mcu.externaltools.gnu-tools-for-stm32.7-2018-q2-update.win32_1.5.0.202011040924/tools/bin/../lib/gcc/arm-none-eabi/7.3.1/thumb/v7e-m/fpv5/hard\libgcc.a
LOAD c:/st/stm32cubeide_1.5.0/stm32cubeide/plugins/com.st.stm32cube.ide.mcu.externaltools.gnu-tools-for-stm32.7-2018-q2-update.win32_1.5.0.202011040924/tools/bin/../lib/gcc/arm-none-eabi/7.3.1/../../../../arm-none-eabi/lib/thumb/v7e-m/fpv5/hard\libc_nano.a
END GROUP
START GROUP
LOAD c:/st/stm32cubeide_1.5.0/stm32cubeide/plugins/com.st.stm32cube.ide.mcu.externaltools.gnu-tools-for-stm32.7-2018-q2-update.win32_1.5.0.202011040924/tools/bin/../lib/gcc/arm-none-eabi/7.3.1/thumb/v7e-m/fpv5/hard\libgcc.a
LOAD c:/st/stm32cubeide_1.5.0/stm32cubeide/plugins/com.st.stm32cube.ide.mcu.externaltools.gnu-tools-for-stm32.7-2018-q2-update.win32_1.5.0.202011040924/tools/bin/../lib/gcc/arm-none-eabi/7.3.1/../../../../arm-none-eabi/lib/thumb/v7e-m/fpv5/hard\libc_nano.a
LOAD c:/st/stm32cubeide_1.5.0/stm32cubeide/plugins/com.st.stm32cube.ide.mcu.externaltools.gnu-tools-for-stm32.7-2018-q2-update.win32_1.5.0.202011040924/tools/bin/../lib/gcc/arm-none-eabi/7.3.1/../../../../arm-none-eabi/lib/thumb/v7e-m/fpv5/hard\libnosys.a
END GROUP
START GROUP
LOAD c:/st/stm32cubeide_1.5.0/stm32cubeide/plugins/com.st.stm32cube.ide.mcu.externaltools.gnu-tools-for-stm32.7-2018-q2-update.win32_1.5.0.202011040924/tools/bin/../lib/gcc/arm-none-eabi/7.3.1/thumb/v7e-m/fpv5/hard\libgcc.a
LOAD c:/st/stm32cubeide_1.5.0/stm32cubeide/plugins/com.st.stm32cube.ide.mcu.externaltools.gnu-tools-for-stm32.7-2018-q2-update.win32_1.5.0.202011040924/tools/bin/../lib/gcc/arm-none-eabi/7.3.1/../../../../arm-none-eabi/lib/thumb/v7e-m/fpv5/hard\libc_nano.a
LOAD c:/st/stm32cubeide_1.5.0/stm32cubeide/plugins/com.st.stm32cube.ide.mcu.externaltools.gnu-tools-for-stm32.7-2018-q2-update.win32_1.5.0.202011040924/tools/bin/../lib/gcc/arm-none-eabi/7.3.1/../../../../arm-none-eabi/lib/thumb/v7e-m/fpv5/hard\libnosys.a
END GROUP
LOAD c:/st/stm32cubeide_1.5.0/stm32cubeide/plugins/com.st.stm32cube.ide.mcu.externaltools.gnu-tools-for-stm32.7-2018-q2-update.win32_1.5.0.202011040924/tools/bin/../lib/gcc/arm-none-eabi/7.3.1/thumb/v7e-m/fpv5/hard/crtend.o
LOAD c:/st/stm32cubeide_1.5.0/stm32cubeide/plugins/com.st.stm32cube.ide.mcu.externaltools.gnu-tools-for-stm32.7-2018-q2-update.win32_1.5.0.202011040924/tools/bin/../lib/gcc/arm-none-eabi/7.3.1/thumb/v7e-m/fpv5/hard/crtn.o
                0x0000000020080000                _estack = (ORIGIN (RAM) + LENGTH (RAM))
                0x0000000000000200                _Min_Heap_Size = 0x200
                0x0000000000000400                _Min_Stack_Size = 0x400

.isr_vector     0x0000000008000000      0x1f8
                0x0000000008000000                . = ALIGN (0x4)
 *(.isr_vector)
 .isr_vector    0x0000000008000000      0x1f8 Core/Startup/startup_stm32f769nihx.o
                0x0000000008000000                g_pfnVectors
                0x00000000080001f8                . = ALIGN (0x4)

.text           0x0000000008000200     0x4a90
                0x0000000008000200                . = ALIGN (0x4)
 *(.text)
 .text          0x0000000008000200       0x40 c:/st/stm32cubeide_1.5.0/stm32cubeide/plugins/com.st.stm32cube.ide.mcu.externaltools.gnu-tools-for-stm32.7-2018-q2-update.win32_1.5.0.202011040924/tools/bin/../lib/gcc/arm-none-eabi/7.3.1/thumb/v7e-m/fpv5/hard/crtbegin.o
 .text          0x0000000008000240       0x14 c:/st/stm32cubeide_1.5.0/stm32cubeide/plugins/com.st.stm32cube.ide.mcu.externaltools.gnu-tools-for-stm32.7-2018-q2-update.win32_1.5.0.202011040924/tools/bin/../lib/gcc/arm-none-eabi/7.3.1/../../../../arm-none-eabi/lib/thumb/v7e-m/fpv5/hard\libc_nano.a(lib_a-strcmp.o)
                0x0000000008000240                strcmp
 .text          0x0000000008000254       0x10 c:/st/stm32cubeide_1.5.0/stm32cubeide/plugins/com.st.stm32cube.ide.mcu.externaltools.gnu-tools-for-stm32.7-2018-q2-update.win32_1.5.0.202011040924/tools/bin/../lib/gcc/arm-none-eabi/7.3.1/../../../../arm-none-eabi/lib/thumb/v7e-m/fpv5/hard\libc_nano.a(lib_a-strlen.o)
                0x0000000008000254                strlen
 *fill*         0x0000000008000264        0xc 
 .text          0x0000000008000270       0xa0 c:/st/stm32cubeide_1.5.0/stm32cubeide/plugins/com.st.stm32cube.ide.mcu.externaltools.gnu-tools-for-stm32.7-2018-q2-update.win32_1.5.0.202011040924/tools/bin/../lib/gcc/arm-none-eabi/7.3.1/../../../../arm-none-eabi/lib/thumb/v7e-m/fpv5/hard\libc_nano.a(lib_a-memchr.o)
                0x0000000008000270                memchr
 .text          0x0000000008000310       0x30 c:/st/stm32cubeide_1.5.0/stm32cubeide/plugins/com.st.stm32cube.ide.mcu.externaltools.gnu-tools-for-stm32.7-2018-q2-update.win32_1.5.0.202011040924/tools/bin/../lib/gcc/arm-none-eabi/7.3.1/thumb/v7e-m/fpv5/hard\libgcc.a(_aeabi_uldivmod.o)
                0x0000000008000310                __aeabi_uldivmod
 .text          0x0000000008000340      0x2cc c:/st/stm32cubeide_1.5.0/stm32cubeide/plugins/com.st.stm32cube.ide.mcu.externaltools.gnu-tools-for-stm32.7-2018-q2-update.win32_1.5.0.202011040924/tools/bin/../lib/gcc/arm-none-eabi/7.3.1/thumb/v7e-m/fpv5/hard\libgcc.a(_udivmoddi4.o)
                0x0000000008000340                __udivmoddi4
 .text          0x000000000800060c        0x4 c:/st/stm32cubeide_1.5.0/stm32cubeide/plugins/com.st.stm32cube.ide.mcu.externaltools.gnu-tools-for-stm32.7-2018-q2-update.win32_1.5.0.202011040924/tools/bin/../lib/gcc/arm-none-eabi/7.3.1/thumb/v7e-m/fpv5/hard\libgcc.a(_dvmd_tls.o)
                0x000000000800060c                __aeabi_idiv0
                0x000000000800060c                __aeabi_ldiv0
 *(.text*)
 .text.ledTaskControl
                0x0000000008000610      0x164 Core/Src/blinky.o
                0x0000000008000610                ledTaskControl
 .text.led1Flash
                0x0000000008000774       0x50 Core/Src/blinky.o
                0x0000000008000774                led1Flash
 .text.led2Flash
                0x00000000080007c4       0x4c Core/Src/blinky.o
                0x00000000080007c4                led2Flash
 .text.led3Flash
                0x0000000008000810       0x5c Core/Src/blinky.o
                0x0000000008000810                led3Flash
 .text.rescheduleEDF
                0x000000000800086c      0x12c Core/Src/edf_tasks.o
                0x000000000800086c                rescheduleEDF
 .text.createEDFTask
                0x0000000008000998       0x68 Core/Src/edf_tasks.o
                0x0000000008000998                createEDFTask
 .text.deleteEDFTask
                0x0000000008000a00       0xc4 Core/Src/edf_tasks.o
                0x0000000008000a00                deleteEDFTask
 .text.vApplicationIdleHook
                0x0000000008000ac4       0x68 Core/Src/edf_tasks.o
                0x0000000008000ac4                vApplicationIdleHook
 .text.vAssertCalled
                0x0000000008000b2c       0x1c Core/Src/helper_functions.o
                0x0000000008000b2c                vAssertCalled
 .text.debugPrintln
                0x0000000008000b48       0x3c Core/Src/helper_functions.o
                0x0000000008000b48                debugPrintln
 .text.vApplicationMallocFailedHook
                0x0000000008000b84       0x10 Core/Src/hooks.o
                0x0000000008000b84                vApplicationMallocFailedHook
 .text.vApplicationStackOverflowHook
                0x0000000008000b94       0x14 Core/Src/hooks.o
                0x0000000008000b94                vApplicationStackOverflowHook
 .text.HAL_GPIO_EXTI_Callback
                0x0000000008000ba8       0x18 Core/Src/main.o
                0x0000000008000ba8                HAL_GPIO_EXTI_Callback
 .text.SystemClock_Config
                0x0000000008000bc0       0xc8 Core/Src/main.o
                0x0000000008000bc0                SystemClock_Config
 .text.startup.main
                0x0000000008000c88      0x144 Core/Src/main.o
                0x0000000008000c88                main
 .text.HAL_TIM_PeriodElapsedCallback
                0x0000000008000dcc       0x14 Core/Src/main.o
                0x0000000008000dcc                HAL_TIM_PeriodElapsedCallback
 .text.HAL_MspInit
                0x0000000008000de0       0x30 Core/Src/stm32f7xx_hal_msp.o
                0x0000000008000de0                HAL_MspInit
 .text.HAL_RNG_MspInit
                0x0000000008000e10       0x2c Core/Src/stm32f7xx_hal_msp.o
                0x0000000008000e10                HAL_RNG_MspInit
 .text.HAL_UART_MspInit
                0x0000000008000e3c       0x68 Core/Src/stm32f7xx_hal_msp.o
                0x0000000008000e3c                HAL_UART_MspInit
 .text.HAL_InitTick
                0x0000000008000ea4       0x78 Core/Src/stm32f7xx_hal_timebase_tim.o
                0x0000000008000ea4                HAL_InitTick
 .text.NMI_Handler
                0x0000000008000f1c        0x2 Core/Src/stm32f7xx_it.o
                0x0000000008000f1c                NMI_Handler
 .text.HardFault_Handler
                0x0000000008000f1e        0x2 Core/Src/stm32f7xx_it.o
                0x0000000008000f1e                HardFault_Handler
 .text.MemManage_Handler
                0x0000000008000f20        0x2 Core/Src/stm32f7xx_it.o
                0x0000000008000f20                MemManage_Handler
 .text.BusFault_Handler
                0x0000000008000f22        0x2 Core/Src/stm32f7xx_it.o
                0x0000000008000f22                BusFault_Handler
 .text.UsageFault_Handler
                0x0000000008000f24        0x2 Core/Src/stm32f7xx_it.o
                0x0000000008000f24                UsageFault_Handler
 .text.DebugMon_Handler
                0x0000000008000f26        0x2 Core/Src/stm32f7xx_it.o
                0x0000000008000f26                DebugMon_Handler
 .text.EXTI0_IRQHandler
                0x0000000008000f28        0x6 Core/Src/stm32f7xx_it.o
                0x0000000008000f28                EXTI0_IRQHandler
 *fill*         0x0000000008000f2e        0x2 
 .text.TIM6_DAC_IRQHandler
                0x0000000008000f30        0xc Core/Src/stm32f7xx_it.o
                0x0000000008000f30                TIM6_DAC_IRQHandler
 .text._sbrk    0x0000000008000f3c       0x40 Core/Src/sysmem.o
                0x0000000008000f3c                _sbrk
 .text.SystemInit
                0x0000000008000f7c       0x1c Core/Src/system_stm32f7xx.o
                0x0000000008000f7c                SystemInit
 .text.Reset_Handler
                0x0000000008000f98       0x50 Core/Startup/startup_stm32f769nihx.o
                0x0000000008000f98                Reset_Handler
 .text.Default_Handler
                0x0000000008000fe8        0x2 Core/Startup/startup_stm32f769nihx.o
                0x0000000008000fe8                RTC_Alarm_IRQHandler
                0x0000000008000fe8                EXTI2_IRQHandler
                0x0000000008000fe8                TIM8_CC_IRQHandler
                0x0000000008000fe8                UART8_IRQHandler
                0x0000000008000fe8                SPI4_IRQHandler
                0x0000000008000fe8                TIM1_CC_IRQHandler
                0x0000000008000fe8                DMA2_Stream5_IRQHandler
                0x0000000008000fe8                JPEG_IRQHandler
                0x0000000008000fe8                DMA1_Stream5_IRQHandler
                0x0000000008000fe8                CAN3_RX1_IRQHandler
                0x0000000008000fe8                PVD_IRQHandler
                0x0000000008000fe8                TAMP_STAMP_IRQHandler
                0x0000000008000fe8                CAN2_RX1_IRQHandler
                0x0000000008000fe8                EXTI3_IRQHandler
                0x0000000008000fe8                TIM8_TRG_COM_TIM14_IRQHandler
                0x0000000008000fe8                DFSDM1_FLT1_IRQHandler
                0x0000000008000fe8                TIM1_UP_TIM10_IRQHandler
                0x0000000008000fe8                TIM8_UP_TIM13_IRQHandler
                0x0000000008000fe8                I2C3_ER_IRQHandler
                0x0000000008000fe8                DFSDM1_FLT2_IRQHandler
                0x0000000008000fe8                I2C2_EV_IRQHandler
                0x0000000008000fe8                DMA1_Stream2_IRQHandler
                0x0000000008000fe8                CAN1_RX0_IRQHandler
                0x0000000008000fe8                FPU_IRQHandler
                0x0000000008000fe8                OTG_HS_WKUP_IRQHandler
                0x0000000008000fe8                CAN3_SCE_IRQHandler
                0x0000000008000fe8                LTDC_ER_IRQHandler
                0x0000000008000fe8                CAN2_SCE_IRQHandler
                0x0000000008000fe8                DMA2_Stream2_IRQHandler
                0x0000000008000fe8                SPI1_IRQHandler
                0x0000000008000fe8                TIM1_BRK_TIM9_IRQHandler
                0x0000000008000fe8                DCMI_IRQHandler
                0x0000000008000fe8                CAN2_RX0_IRQHandler
                0x0000000008000fe8                DMA2_Stream3_IRQHandler
                0x0000000008000fe8                SAI2_IRQHandler
                0x0000000008000fe8                DFSDM1_FLT3_IRQHandler
                0x0000000008000fe8                USART6_IRQHandler
                0x0000000008000fe8                CAN3_RX0_IRQHandler
                0x0000000008000fe8                USART3_IRQHandler
                0x0000000008000fe8                CAN1_RX1_IRQHandler
                0x0000000008000fe8                UART5_IRQHandler
                0x0000000008000fe8                DMA2_Stream0_IRQHandler
                0x0000000008000fe8                TIM4_IRQHandler
                0x0000000008000fe8                QUADSPI_IRQHandler
                0x0000000008000fe8                I2C1_EV_IRQHandler
                0x0000000008000fe8                DMA1_Stream6_IRQHandler
                0x0000000008000fe8                DMA1_Stream1_IRQHandler
                0x0000000008000fe8                UART4_IRQHandler
                0x0000000008000fe8                TIM3_IRQHandler
                0x0000000008000fe8                RCC_IRQHandler
                0x0000000008000fe8                TIM8_BRK_TIM12_IRQHandler
                0x0000000008000fe8                Default_Handler
                0x0000000008000fe8                CEC_IRQHandler
                0x0000000008000fe8                EXTI15_10_IRQHandler
                0x0000000008000fe8                ADC_IRQHandler
                0x0000000008000fe8                DMA1_Stream7_IRQHandler
                0x0000000008000fe8                SPI5_IRQHandler
                0x0000000008000fe8                TIM7_IRQHandler
                0x0000000008000fe8                SDMMC1_IRQHandler
                0x0000000008000fe8                CAN2_TX_IRQHandler
                0x0000000008000fe8                TIM5_IRQHandler
                0x0000000008000fe8                DMA2_Stream7_IRQHandler
                0x0000000008000fe8                I2C3_EV_IRQHandler
                0x0000000008000fe8                EXTI9_5_IRQHandler
                0x0000000008000fe8                RTC_WKUP_IRQHandler
                0x0000000008000fe8                LTDC_IRQHandler
                0x0000000008000fe8                ETH_WKUP_IRQHandler
                0x0000000008000fe8                SPDIF_RX_IRQHandler
                0x0000000008000fe8                SPI2_IRQHandler
                0x0000000008000fe8                OTG_HS_EP1_IN_IRQHandler
                0x0000000008000fe8                DMA1_Stream0_IRQHandler
                0x0000000008000fe8                CAN1_TX_IRQHandler
                0x0000000008000fe8                EXTI4_IRQHandler
                0x0000000008000fe8                RNG_IRQHandler
                0x0000000008000fe8                DSI_IRQHandler
                0x0000000008000fe8                ETH_IRQHandler
                0x0000000008000fe8                OTG_HS_EP1_OUT_IRQHandler
                0x0000000008000fe8                WWDG_IRQHandler
                0x0000000008000fe8                SPI6_IRQHandler
                0x0000000008000fe8                MDIOS_IRQHandler
                0x0000000008000fe8                I2C4_EV_IRQHandler
                0x0000000008000fe8                CAN3_TX_IRQHandler
                0x0000000008000fe8                TIM2_IRQHandler
                0x0000000008000fe8                OTG_FS_WKUP_IRQHandler
                0x0000000008000fe8                TIM1_TRG_COM_TIM11_IRQHandler
                0x0000000008000fe8                OTG_HS_IRQHandler
                0x0000000008000fe8                DMA2D_IRQHandler
                0x0000000008000fe8                EXTI1_IRQHandler
                0x0000000008000fe8                SDMMC2_IRQHandler
                0x0000000008000fe8                UART7_IRQHandler
                0x0000000008000fe8                USART2_IRQHandler
                0x0000000008000fe8                DFSDM1_FLT0_IRQHandler
                0x0000000008000fe8                I2C2_ER_IRQHandler
                0x0000000008000fe8                DMA2_Stream1_IRQHandler
                0x0000000008000fe8                CAN1_SCE_IRQHandler
                0x0000000008000fe8                FLASH_IRQHandler
                0x0000000008000fe8                DMA2_Stream4_IRQHandler
                0x0000000008000fe8                USART1_IRQHandler
                0x0000000008000fe8                OTG_FS_IRQHandler
                0x0000000008000fe8                SPI3_IRQHandler
                0x0000000008000fe8                DMA1_Stream4_IRQHandler
                0x0000000008000fe8                I2C1_ER_IRQHandler
                0x0000000008000fe8                FMC_IRQHandler
                0x0000000008000fe8                LPTIM1_IRQHandler
                0x0000000008000fe8                I2C4_ER_IRQHandler
                0x0000000008000fe8                DMA2_Stream6_IRQHandler
                0x0000000008000fe8                SAI1_IRQHandler
                0x0000000008000fe8                DMA1_Stream3_IRQHandler
 .text.HAL_Init
                0x0000000008000fea       0x16 Drivers/STM32F7xx_HAL_Driver/Src/stm32f7xx_hal.o
                0x0000000008000fea                HAL_Init
 .text.HAL_IncTick
                0x0000000008001000       0x18 Drivers/STM32F7xx_HAL_Driver/Src/stm32f7xx_hal.o
                0x0000000008001000                HAL_IncTick
 .text.HAL_GetTick
                0x0000000008001018        0xc Drivers/STM32F7xx_HAL_Driver/Src/stm32f7xx_hal.o
                0x0000000008001018                HAL_GetTick
 .text.HAL_NVIC_SetPriorityGrouping
                0x0000000008001024       0x24 Drivers/STM32F7xx_HAL_Driver/Src/stm32f7xx_hal_cortex.o
                0x0000000008001024                HAL_NVIC_SetPriorityGrouping
 .text.HAL_NVIC_SetPriority
                0x0000000008001048       0x64 Drivers/STM32F7xx_HAL_Driver/Src/stm32f7xx_hal_cortex.o
                0x0000000008001048                HAL_NVIC_SetPriority
 .text.HAL_NVIC_EnableIRQ
                0x00000000080010ac       0x1c Drivers/STM32F7xx_HAL_Driver/Src/stm32f7xx_hal_cortex.o
                0x00000000080010ac                HAL_NVIC_EnableIRQ
 .text.HAL_GPIO_Init
                0x00000000080010c8      0x1d0 Drivers/STM32F7xx_HAL_Driver/Src/stm32f7xx_hal_gpio.o
                0x00000000080010c8                HAL_GPIO_Init
 .text.HAL_GPIO_WritePin
                0x0000000008001298        0xa Drivers/STM32F7xx_HAL_Driver/Src/stm32f7xx_hal_gpio.o
                0x0000000008001298                HAL_GPIO_WritePin
 .text.HAL_GPIO_TogglePin
                0x00000000080012a2        0xc Drivers/STM32F7xx_HAL_Driver/Src/stm32f7xx_hal_gpio.o
                0x00000000080012a2                HAL_GPIO_TogglePin
 *fill*         0x00000000080012ae        0x2 
 .text.HAL_GPIO_EXTI_IRQHandler
                0x00000000080012b0       0x18 Drivers/STM32F7xx_HAL_Driver/Src/stm32f7xx_hal_gpio.o
                0x00000000080012b0                HAL_GPIO_EXTI_IRQHandler
 .text.HAL_PWREx_EnableOverDrive
                0x00000000080012c8       0x70 Drivers/STM32F7xx_HAL_Driver/Src/stm32f7xx_hal_pwr_ex.o
                0x00000000080012c8                HAL_PWREx_EnableOverDrive
 .text.HAL_RCC_OscConfig
                0x0000000008001338      0x388 Drivers/STM32F7xx_HAL_Driver/Src/stm32f7xx_hal_rcc.o
                0x0000000008001338                HAL_RCC_OscConfig
 .text.HAL_RCC_GetSysClockFreq
                0x00000000080016c0       0x5c Drivers/STM32F7xx_HAL_Driver/Src/stm32f7xx_hal_rcc.o
                0x00000000080016c0                HAL_RCC_GetSysClockFreq
 .text.HAL_RCC_ClockConfig
                0x000000000800171c      0x13c Drivers/STM32F7xx_HAL_Driver/Src/stm32f7xx_hal_rcc.o
                0x000000000800171c                HAL_RCC_ClockConfig
 .text.HAL_RCC_GetPCLK1Freq
                0x0000000008001858       0x20 Drivers/STM32F7xx_HAL_Driver/Src/stm32f7xx_hal_rcc.o
                0x0000000008001858                HAL_RCC_GetPCLK1Freq
 .text.HAL_RCC_GetPCLK2Freq
                0x0000000008001878       0x20 Drivers/STM32F7xx_HAL_Driver/Src/stm32f7xx_hal_rcc.o
                0x0000000008001878                HAL_RCC_GetPCLK2Freq
 .text.HAL_RCC_GetClockConfig
                0x0000000008001898       0x3c Drivers/STM32F7xx_HAL_Driver/Src/stm32f7xx_hal_rcc.o
                0x0000000008001898                HAL_RCC_GetClockConfig
 .text.HAL_RCCEx_PeriphCLKConfig
                0x00000000080018d4      0x55c Drivers/STM32F7xx_HAL_Driver/Src/stm32f7xx_hal_rcc_ex.o
                0x00000000080018d4                HAL_RCCEx_PeriphCLKConfig
 .text.HAL_RNG_Init
                0x0000000008001e30       0x30 Drivers/STM32F7xx_HAL_Driver/Src/stm32f7xx_hal_rng.o
                0x0000000008001e30                HAL_RNG_Init
 .text.HAL_TIM_Base_MspInit
                0x0000000008001e60        0x2 Drivers/STM32F7xx_HAL_Driver/Src/stm32f7xx_hal_tim.o
                0x0000000008001e60                HAL_TIM_Base_MspInit
 *fill*         0x0000000008001e62        0x2 
 .text.HAL_TIM_Base_Start_IT
                0x0000000008001e64       0x2c Drivers/STM32F7xx_HAL_Driver/Src/stm32f7xx_hal_tim.o
                0x0000000008001e64                HAL_TIM_Base_Start_IT
 .text.HAL_TIM_OC_DelayElapsedCallback
                0x0000000008001e90        0x2 Drivers/STM32F7xx_HAL_Driver/Src/stm32f7xx_hal_tim.o
                0x0000000008001e90                HAL_TIM_OC_DelayElapsedCallback
 .text.HAL_TIM_IC_CaptureCallback
                0x0000000008001e92        0x2 Drivers/STM32F7xx_HAL_Driver/Src/stm32f7xx_hal_tim.o
                0x0000000008001e92                HAL_TIM_IC_CaptureCallback
 .text.HAL_TIM_PWM_PulseFinishedCallback
                0x0000000008001e94        0x2 Drivers/STM32F7xx_HAL_Driver/Src/stm32f7xx_hal_tim.o
                0x0000000008001e94                HAL_TIM_PWM_PulseFinishedCallback
 .text.HAL_TIM_TriggerCallback
                0x0000000008001e96        0x2 Drivers/STM32F7xx_HAL_Driver/Src/stm32f7xx_hal_tim.o
                0x0000000008001e96                HAL_TIM_TriggerCallback
 .text.HAL_TIM_IRQHandler
                0x0000000008001e98      0x160 Drivers/STM32F7xx_HAL_Driver/Src/stm32f7xx_hal_tim.o
                0x0000000008001e98                HAL_TIM_IRQHandler
 .text.TIM_Base_SetConfig
                0x0000000008001ff8       0xcc Drivers/STM32F7xx_HAL_Driver/Src/stm32f7xx_hal_tim.o
                0x0000000008001ff8                TIM_Base_SetConfig
 .text.HAL_TIM_Base_Init
                0x00000000080020c4       0x34 Drivers/STM32F7xx_HAL_Driver/Src/stm32f7xx_hal_tim.o
                0x00000000080020c4                HAL_TIM_Base_Init
 .text.HAL_TIMEx_CommutCallback
                0x00000000080020f8        0x2 Drivers/STM32F7xx_HAL_Driver/Src/stm32f7xx_hal_tim_ex.o
                0x00000000080020f8                HAL_TIMEx_CommutCallback
 .text.HAL_TIMEx_BreakCallback
                0x00000000080020fa        0x2 Drivers/STM32F7xx_HAL_Driver/Src/stm32f7xx_hal_tim_ex.o
                0x00000000080020fa                HAL_TIMEx_BreakCallback
 .text.HAL_TIMEx_Break2Callback
                0x00000000080020fc        0x2 Drivers/STM32F7xx_HAL_Driver/Src/stm32f7xx_hal_tim_ex.o
                0x00000000080020fc                HAL_TIMEx_Break2Callback
 *fill*         0x00000000080020fe        0x2 
 .text.UART_SetConfig
                0x0000000008002100      0x2b0 Drivers/STM32F7xx_HAL_Driver/Src/stm32f7xx_hal_uart.o
                0x0000000008002100                UART_SetConfig
 .text.UART_AdvFeatureConfig
                0x00000000080023b0       0xaa Drivers/STM32F7xx_HAL_Driver/Src/stm32f7xx_hal_uart.o
                0x00000000080023b0                UART_AdvFeatureConfig
 .text.UART_WaitOnFlagUntilTimeout
                0x000000000800245a       0x84 Drivers/STM32F7xx_HAL_Driver/Src/stm32f7xx_hal_uart.o
                0x000000000800245a                UART_WaitOnFlagUntilTimeout
 .text.HAL_UART_Transmit
                0x00000000080024de       0xb0 Drivers/STM32F7xx_HAL_Driver/Src/stm32f7xx_hal_uart.o
                0x00000000080024de                HAL_UART_Transmit
 .text.UART_CheckIdleState
                0x000000000800258e       0x60 Drivers/STM32F7xx_HAL_Driver/Src/stm32f7xx_hal_uart.o
                0x000000000800258e                UART_CheckIdleState
 .text.HAL_UART_Init
                0x00000000080025ee       0x5c Drivers/STM32F7xx_HAL_Driver/Src/stm32f7xx_hal_uart.o
                0x00000000080025ee                HAL_UART_Init
 *fill*         0x000000000800264a        0x2 
 .text.prvInsertBlockIntoFreeList
                0x000000000800264c       0x48 Middlewares/FreeRTOS/Src/MemMang/heap_4.o
 .text.pvPortMalloc
                0x0000000008002694      0x13c Middlewares/FreeRTOS/Src/MemMang/heap_4.o
                0x0000000008002694                pvPortMalloc
 .text.vPortFree
                0x00000000080027d0       0x80 Middlewares/FreeRTOS/Src/MemMang/heap_4.o
                0x00000000080027d0                vPortFree
 .text.vListInitialise
                0x0000000008002850       0x16 Middlewares/FreeRTOS/Src/list.o
                0x0000000008002850                vListInitialise
 .text.vListInitialiseItem
                0x0000000008002866        0x6 Middlewares/FreeRTOS/Src/list.o
                0x0000000008002866                vListInitialiseItem
 .text.vListInsertEnd
                0x000000000800286c       0x18 Middlewares/FreeRTOS/Src/list.o
                0x000000000800286c                vListInsertEnd
 .text.vListInsert
                0x0000000008002884       0x2e Middlewares/FreeRTOS/Src/list.o
                0x0000000008002884                vListInsert
 .text.uxListRemove
                0x00000000080028b2       0x22 Middlewares/FreeRTOS/Src/list.o
                0x00000000080028b2                uxListRemove
 .text.prvIsQueueEmpty
                0x00000000080028d4       0x16 Middlewares/FreeRTOS/Src/queue.o
 .text.prvCopyDataToQueue
                0x00000000080028ea       0x66 Middlewares/FreeRTOS/Src/queue.o
 .text.prvNotifyQueueSetContainer
                0x0000000008002950       0x7c Middlewares/FreeRTOS/Src/queue.o
 .text.prvCopyDataFromQueue
                0x00000000080029cc       0x2a Middlewares/FreeRTOS/Src/queue.o
 .text.prvUnlockQueue
                0x00000000080029f6       0x7c Middlewares/FreeRTOS/Src/queue.o
 *fill*         0x0000000008002a72        0x2 
 .text.xQueueGenericReset
                0x0000000008002a74       0x7c Middlewares/FreeRTOS/Src/queue.o
                0x0000000008002a74                xQueueGenericReset
 .text.xQueueGenericCreate
                0x0000000008002af0       0x5c Middlewares/FreeRTOS/Src/queue.o
                0x0000000008002af0                xQueueGenericCreate
 .text.xQueueGenericSend
                0x0000000008002b4c      0x15c Middlewares/FreeRTOS/Src/queue.o
                0x0000000008002b4c                xQueueGenericSend
 .text.xQueueGenericSendFromISR
                0x0000000008002ca8       0xe0 Middlewares/FreeRTOS/Src/queue.o
                0x0000000008002ca8                xQueueGenericSendFromISR
 .text.xQueueReceive
                0x0000000008002d88      0x124 Middlewares/FreeRTOS/Src/queue.o
                0x0000000008002d88                xQueueReceive
 .text.vQueueAddToRegistry
                0x0000000008002eac       0x24 Middlewares/FreeRTOS/Src/queue.o
                0x0000000008002eac                vQueueAddToRegistry
 .text.vQueueWaitForMessageRestricted
                0x0000000008002ed0       0x46 Middlewares/FreeRTOS/Src/queue.o
                0x0000000008002ed0                vQueueWaitForMessageRestricted
 *fill*         0x0000000008002f16        0x2 
 .text.prvGetExpectedIdleTime
                0x0000000008002f18       0x3c Middlewares/FreeRTOS/Src/tasks.o
 .text.prvResetNextTaskUnblockTime
                0x0000000008002f54       0x24 Middlewares/FreeRTOS/Src/tasks.o
 .text.prvTaskIsTaskSuspended
                0x0000000008002f78       0x38 Middlewares/FreeRTOS/Src/tasks.o
 .text.prvAddCurrentTaskToDelayedList
                0x0000000008002fb0       0x8c Middlewares/FreeRTOS/Src/tasks.o
 .text.xTaskCreate
                0x000000000800303c      0x1b0 Middlewares/FreeRTOS/Src/tasks.o
                0x000000000800303c                xTaskCreate
 .text.vTaskDelete
                0x00000000080031ec       0xd4 Middlewares/FreeRTOS/Src/tasks.o
                0x00000000080031ec                vTaskDelete
 .text.vTaskPrioritySet
                0x00000000080032c0       0xd4 Middlewares/FreeRTOS/Src/tasks.o
                0x00000000080032c0                vTaskPrioritySet
 .text.vTaskResume
                0x0000000008003394       0x84 Middlewares/FreeRTOS/Src/tasks.o
                0x0000000008003394                vTaskResume
 .text.vTaskStartScheduler
                0x0000000008003418       0x84 Middlewares/FreeRTOS/Src/tasks.o
                0x0000000008003418                vTaskStartScheduler
 .text.vTaskSuspendAll
                0x000000000800349c       0x10 Middlewares/FreeRTOS/Src/tasks.o
                0x000000000800349c                vTaskSuspendAll
 .text.xTaskGetTickCount
                0x00000000080034ac        0xc Middlewares/FreeRTOS/Src/tasks.o
                0x00000000080034ac                xTaskGetTickCount
 .text.xTaskGetIdleTaskHandle
                0x00000000080034b8       0x20 Middlewares/FreeRTOS/Src/tasks.o
                0x00000000080034b8                xTaskGetIdleTaskHandle
 .text.vTaskStepTick
                0x00000000080034d8       0x30 Middlewares/FreeRTOS/Src/tasks.o
                0x00000000080034d8                vTaskStepTick
 .text.xTaskIncrementTick
                0x0000000008003508      0x124 Middlewares/FreeRTOS/Src/tasks.o
                0x0000000008003508                xTaskIncrementTick
 .text.xTaskResumeAll
                0x000000000800362c       0xe8 Middlewares/FreeRTOS/Src/tasks.o
                0x000000000800362c                xTaskResumeAll
 .text.prvIdleTask
                0x0000000008003714       0xb0 Middlewares/FreeRTOS/Src/tasks.o
 .text.vTaskSwitchContext
                0x00000000080037c4       0xa4 Middlewares/FreeRTOS/Src/tasks.o
                0x00000000080037c4                vTaskSwitchContext
 .text.vTaskSuspend
                0x0000000008003868       0xd4 Middlewares/FreeRTOS/Src/tasks.o
                0x0000000008003868                vTaskSuspend
 .text.vTaskPlaceOnEventList
                0x000000000800393c       0x34 Middlewares/FreeRTOS/Src/tasks.o
                0x000000000800393c                vTaskPlaceOnEventList
 .text.vTaskPlaceOnEventListRestricted
                0x0000000008003970       0x3c Middlewares/FreeRTOS/Src/tasks.o
                0x0000000008003970                vTaskPlaceOnEventListRestricted
 .text.xTaskRemoveFromEventList
                0x00000000080039ac       0x88 Middlewares/FreeRTOS/Src/tasks.o
                0x00000000080039ac                xTaskRemoveFromEventList
 .text.vTaskInternalSetTimeOutState
                0x0000000008003a34       0x18 Middlewares/FreeRTOS/Src/tasks.o
                0x0000000008003a34                vTaskInternalSetTimeOutState
 .text.xTaskCheckForTimeOut
                0x0000000008003a4c       0x6c Middlewares/FreeRTOS/Src/tasks.o
                0x0000000008003a4c                xTaskCheckForTimeOut
 .text.vTaskMissedYield
                0x0000000008003ab8        0xc Middlewares/FreeRTOS/Src/tasks.o
                0x0000000008003ab8                vTaskMissedYield
 .text.eTaskConfirmSleepModeStatus
                0x0000000008003ac4       0x44 Middlewares/FreeRTOS/Src/tasks.o
                0x0000000008003ac4                eTaskConfirmSleepModeStatus
 .text.xTaskGetCurrentTaskHandle
                0x0000000008003b08        0xc Middlewares/FreeRTOS/Src/tasks.o
                0x0000000008003b08                xTaskGetCurrentTaskHandle
 .text.xTaskGetSchedulerState
                0x0000000008003b14       0x20 Middlewares/FreeRTOS/Src/tasks.o
                0x0000000008003b14                xTaskGetSchedulerState
 .text.xTaskPriorityDisinherit
                0x0000000008003b34       0x90 Middlewares/FreeRTOS/Src/tasks.o
                0x0000000008003b34                xTaskPriorityDisinherit
 .text.prvCheckForValidListAndQueue
                0x0000000008003bc4       0x58 Middlewares/FreeRTOS/Src/timers.o
 .text.prvInsertTimerInActiveList
                0x0000000008003c1c       0x3c Middlewares/FreeRTOS/Src/timers.o
 .text.xTimerCreateTimerTask
                0x0000000008003c58       0x50 Middlewares/FreeRTOS/Src/timers.o
                0x0000000008003c58                xTimerCreateTimerTask
 .text.xTimerGenericCommand
                0x0000000008003ca8       0x58 Middlewares/FreeRTOS/Src/timers.o
                0x0000000008003ca8                xTimerGenericCommand
 .text.prvSwitchTimerLists
                0x0000000008003d00       0x80 Middlewares/FreeRTOS/Src/timers.o
 .text.prvTimerTask
                0x0000000008003d80      0x20c Middlewares/FreeRTOS/Src/timers.o
 .text.prvPortStartFirstTask
                0x0000000008003f8c       0x28 Middlewares/FreeRTOS/Src/portable/port.o
 .text.vPortEnableVFP
                0x0000000008003fb4       0x14 Middlewares/FreeRTOS/Src/portable/port.o
 .text.prvTaskExitError
                0x0000000008003fc8       0x40 Middlewares/FreeRTOS/Src/portable/port.o
 .text.pxPortInitialiseStack
                0x0000000008004008       0x24 Middlewares/FreeRTOS/Src/portable/port.o
                0x0000000008004008                pxPortInitialiseStack
 *fill*         0x000000000800402c        0x4 
 .text.SVC_Handler
                0x0000000008004030       0x24 Middlewares/FreeRTOS/Src/portable/port.o
                0x0000000008004030                SVC_Handler
 .text.vPortEnterCritical
                0x0000000008004054       0x44 Middlewares/FreeRTOS/Src/portable/port.o
                0x0000000008004054                vPortEnterCritical
 .text.vPortExitCritical
                0x0000000008004098       0x28 Middlewares/FreeRTOS/Src/portable/port.o
                0x0000000008004098                vPortExitCritical
 .text.PendSV_Handler
                0x00000000080040c0       0x64 Middlewares/FreeRTOS/Src/portable/port.o
                0x00000000080040c0                PendSV_Handler
 .text.SysTick_Handler
                0x0000000008004124       0x30 Middlewares/FreeRTOS/Src/portable/port.o
                0x0000000008004124                SysTick_Handler
 .text.vPortSuppressTicksAndSleep
                0x0000000008004154      0x104 Middlewares/FreeRTOS/Src/portable/port.o
                0x0000000008004154                vPortSuppressTicksAndSleep
 .text.vPortSetupTimerInterrupt
                0x0000000008004258       0x5c Middlewares/FreeRTOS/Src/portable/port.o
                0x0000000008004258                vPortSetupTimerInterrupt
 .text.xPortStartScheduler
                0x00000000080042b4       0xd4 Middlewares/FreeRTOS/Src/portable/port.o
                0x00000000080042b4                xPortStartScheduler
 .text.vPortValidateInterruptPriority
                0x0000000008004388       0x54 Middlewares/FreeRTOS/Src/portable/port.o
                0x0000000008004388                vPortValidateInterruptPriority
 .text.__errno  0x00000000080043dc        0xc c:/st/stm32cubeide_1.5.0/stm32cubeide/plugins/com.st.stm32cube.ide.mcu.externaltools.gnu-tools-for-stm32.7-2018-q2-update.win32_1.5.0.202011040924/tools/bin/../lib/gcc/arm-none-eabi/7.3.1/../../../../arm-none-eabi/lib/thumb/v7e-m/fpv5/hard\libc_nano.a(lib_a-errno.o)
                0x00000000080043dc                __errno
 .text.__libc_init_array
                0x00000000080043e8       0x48 c:/st/stm32cubeide_1.5.0/stm32cubeide/plugins/com.st.stm32cube.ide.mcu.externaltools.gnu-tools-for-stm32.7-2018-q2-update.win32_1.5.0.202011040924/tools/bin/../lib/gcc/arm-none-eabi/7.3.1/../../../../arm-none-eabi/lib/thumb/v7e-m/fpv5/hard\libc_nano.a(lib_a-init.o)
                0x00000000080043e8                __libc_init_array
 .text.memcpy   0x0000000008004430       0x16 c:/st/stm32cubeide_1.5.0/stm32cubeide/plugins/com.st.stm32cube.ide.mcu.externaltools.gnu-tools-for-stm32.7-2018-q2-update.win32_1.5.0.202011040924/tools/bin/../lib/gcc/arm-none-eabi/7.3.1/../../../../arm-none-eabi/lib/thumb/v7e-m/fpv5/hard\libc_nano.a(lib_a-memcpy-stub.o)
                0x0000000008004430                memcpy
 .text.memset   0x0000000008004446       0x10 c:/st/stm32cubeide_1.5.0/stm32cubeide/plugins/com.st.stm32cube.ide.mcu.externaltools.gnu-tools-for-stm32.7-2018-q2-update.win32_1.5.0.202011040924/tools/bin/../lib/gcc/arm-none-eabi/7.3.1/../../../../arm-none-eabi/lib/thumb/v7e-m/fpv5/hard\libc_nano.a(lib_a-memset.o)
                0x0000000008004446                memset
 *fill*         0x0000000008004456        0x2 
 .text.snprintf
                0x0000000008004458       0x68 c:/st/stm32cubeide_1.5.0/stm32cubeide/plugins/com.st.stm32cube.ide.mcu.externaltools.gnu-tools-for-stm32.7-2018-q2-update.win32_1.5.0.202011040924/tools/bin/../lib/gcc/arm-none-eabi/7.3.1/../../../../arm-none-eabi/lib/thumb/v7e-m/fpv5/hard\libc_nano.a(lib_a-snprintf.o)
                0x0000000008004458                sniprintf
                0x0000000008004458                snprintf
 .text.__ssputs_r
                0x00000000080044c0       0xb4 c:/st/stm32cubeide_1.5.0/stm32cubeide/plugins/com.st.stm32cube.ide.mcu.externaltools.gnu-tools-for-stm32.7-2018-q2-update.win32_1.5.0.202011040924/tools/bin/../lib/gcc/arm-none-eabi/7.3.1/../../../../arm-none-eabi/lib/thumb/v7e-m/fpv5/hard\libc_nano.a(lib_a-nano-svfprintf.o)
                0x00000000080044c0                __ssputs_r
 .text._svfprintf_r
                0x0000000008004574      0x1f0 c:/st/stm32cubeide_1.5.0/stm32cubeide/plugins/com.st.stm32cube.ide.mcu.externaltools.gnu-tools-for-stm32.7-2018-q2-update.win32_1.5.0.202011040924/tools/bin/../lib/gcc/arm-none-eabi/7.3.1/../../../../arm-none-eabi/lib/thumb/v7e-m/fpv5/hard\libc_nano.a(lib_a-nano-svfprintf.o)
                0x0000000008004574                _svfiprintf_r
                0x0000000008004574                _svfprintf_r
 .text._printf_common
                0x0000000008004764       0xea c:/st/stm32cubeide_1.5.0/stm32cubeide/plugins/com.st.stm32cube.ide.mcu.externaltools.gnu-tools-for-stm32.7-2018-q2-update.win32_1.5.0.202011040924/tools/bin/../lib/gcc/arm-none-eabi/7.3.1/../../../../arm-none-eabi/lib/thumb/v7e-m/fpv5/hard\libc_nano.a(lib_a-nano-vfprintf_i.o)
                0x0000000008004764                _printf_common
 *fill*         0x000000000800484e        0x2 
 .text._printf_i
                0x0000000008004850      0x224 c:/st/stm32cubeide_1.5.0/stm32cubeide/plugins/com.st.stm32cube.ide.mcu.externaltools.gnu-tools-for-stm32.7-2018-q2-update.win32_1.5.0.202011040924/tools/bin/../lib/gcc/arm-none-eabi/7.3.1/../../../../arm-none-eabi/lib/thumb/v7e-m/fpv5/hard\libc_nano.a(lib_a-nano-vfprintf_i.o)
                0x0000000008004850                _printf_i
 .text.memmove  0x0000000008004a74       0x32 c:/st/stm32cubeide_1.5.0/stm32cubeide/plugins/com.st.stm32cube.ide.mcu.externaltools.gnu-tools-for-stm32.7-2018-q2-update.win32_1.5.0.202011040924/tools/bin/../lib/gcc/arm-none-eabi/7.3.1/../../../../arm-none-eabi/lib/thumb/v7e-m/fpv5/hard\libc_nano.a(lib_a-memmove.o)
                0x0000000008004a74                memmove
 *fill*         0x0000000008004aa6        0x2 
 .text._free_r  0x0000000008004aa8       0x9c c:/st/stm32cubeide_1.5.0/stm32cubeide/plugins/com.st.stm32cube.ide.mcu.externaltools.gnu-tools-for-stm32.7-2018-q2-update.win32_1.5.0.202011040924/tools/bin/../lib/gcc/arm-none-eabi/7.3.1/../../../../arm-none-eabi/lib/thumb/v7e-m/fpv5/hard\libc_nano.a(lib_a-nano-freer.o)
                0x0000000008004aa8                _free_r
 .text._malloc_r
                0x0000000008004b44       0xb4 c:/st/stm32cubeide_1.5.0/stm32cubeide/plugins/com.st.stm32cube.ide.mcu.externaltools.gnu-tools-for-stm32.7-2018-q2-update.win32_1.5.0.202011040924/tools/bin/../lib/gcc/arm-none-eabi/7.3.1/../../../../arm-none-eabi/lib/thumb/v7e-m/fpv5/hard\libc_nano.a(lib_a-nano-mallocr.o)
                0x0000000008004b44                _malloc_r
 .text._realloc_r
                0x0000000008004bf8       0x4c c:/st/stm32cubeide_1.5.0/stm32cubeide/plugins/com.st.stm32cube.ide.mcu.externaltools.gnu-tools-for-stm32.7-2018-q2-update.win32_1.5.0.202011040924/tools/bin/../lib/gcc/arm-none-eabi/7.3.1/../../../../arm-none-eabi/lib/thumb/v7e-m/fpv5/hard\libc_nano.a(lib_a-nano-reallocr.o)
                0x0000000008004bf8                _realloc_r
 .text._sbrk_r  0x0000000008004c44       0x20 c:/st/stm32cubeide_1.5.0/stm32cubeide/plugins/com.st.stm32cube.ide.mcu.externaltools.gnu-tools-for-stm32.7-2018-q2-update.win32_1.5.0.202011040924/tools/bin/../lib/gcc/arm-none-eabi/7.3.1/../../../../arm-none-eabi/lib/thumb/v7e-m/fpv5/hard\libc_nano.a(lib_a-sbrkr.o)
                0x0000000008004c44                _sbrk_r
 .text.__malloc_lock
                0x0000000008004c64        0x2 c:/st/stm32cubeide_1.5.0/stm32cubeide/plugins/com.st.stm32cube.ide.mcu.externaltools.gnu-tools-for-stm32.7-2018-q2-update.win32_1.5.0.202011040924/tools/bin/../lib/gcc/arm-none-eabi/7.3.1/../../../../arm-none-eabi/lib/thumb/v7e-m/fpv5/hard\libc_nano.a(lib_a-mlock.o)
                0x0000000008004c64                __malloc_lock
 .text.__malloc_unlock
                0x0000000008004c66        0x2 c:/st/stm32cubeide_1.5.0/stm32cubeide/plugins/com.st.stm32cube.ide.mcu.externaltools.gnu-tools-for-stm32.7-2018-q2-update.win32_1.5.0.202011040924/tools/bin/../lib/gcc/arm-none-eabi/7.3.1/../../../../arm-none-eabi/lib/thumb/v7e-m/fpv5/hard\libc_nano.a(lib_a-mlock.o)
                0x0000000008004c66                __malloc_unlock
 .text._malloc_usable_size_r
                0x0000000008004c68       0x10 c:/st/stm32cubeide_1.5.0/stm32cubeide/plugins/com.st.stm32cube.ide.mcu.externaltools.gnu-tools-for-stm32.7-2018-q2-update.win32_1.5.0.202011040924/tools/bin/../lib/gcc/arm-none-eabi/7.3.1/../../../../arm-none-eabi/lib/thumb/v7e-m/fpv5/hard\libc_nano.a(lib_a-nano-msizer.o)
                0x0000000008004c68                _malloc_usable_size_r
 *(.glue_7)
 .glue_7        0x0000000008004c78        0x0 linker stubs
 *(.glue_7t)
 .glue_7t       0x0000000008004c78        0x0 linker stubs
 *(.eh_frame)
 .eh_frame      0x0000000008004c78        0x0 c:/st/stm32cubeide_1.5.0/stm32cubeide/plugins/com.st.stm32cube.ide.mcu.externaltools.gnu-tools-for-stm32.7-2018-q2-update.win32_1.5.0.202011040924/tools/bin/../lib/gcc/arm-none-eabi/7.3.1/thumb/v7e-m/fpv5/hard/crtbegin.o
 *(.init)
 .init          0x0000000008004c78        0x4 c:/st/stm32cubeide_1.5.0/stm32cubeide/plugins/com.st.stm32cube.ide.mcu.externaltools.gnu-tools-for-stm32.7-2018-q2-update.win32_1.5.0.202011040924/tools/bin/../lib/gcc/arm-none-eabi/7.3.1/thumb/v7e-m/fpv5/hard/crti.o
                0x0000000008004c78                _init
 .init          0x0000000008004c7c        0x8 c:/st/stm32cubeide_1.5.0/stm32cubeide/plugins/com.st.stm32cube.ide.mcu.externaltools.gnu-tools-for-stm32.7-2018-q2-update.win32_1.5.0.202011040924/tools/bin/../lib/gcc/arm-none-eabi/7.3.1/thumb/v7e-m/fpv5/hard/crtn.o
 *(.fini)
 .fini          0x0000000008004c84        0x4 c:/st/stm32cubeide_1.5.0/stm32cubeide/plugins/com.st.stm32cube.ide.mcu.externaltools.gnu-tools-for-stm32.7-2018-q2-update.win32_1.5.0.202011040924/tools/bin/../lib/gcc/arm-none-eabi/7.3.1/thumb/v7e-m/fpv5/hard/crti.o
                0x0000000008004c84                _fini
 .fini          0x0000000008004c88        0x8 c:/st/stm32cubeide_1.5.0/stm32cubeide/plugins/com.st.stm32cube.ide.mcu.externaltools.gnu-tools-for-stm32.7-2018-q2-update.win32_1.5.0.202011040924/tools/bin/../lib/gcc/arm-none-eabi/7.3.1/thumb/v7e-m/fpv5/hard/crtn.o
                0x0000000008004c90                . = ALIGN (0x4)
                0x0000000008004c90                _etext = .

.vfp11_veneer   0x0000000008004c90        0x0
 .vfp11_veneer  0x0000000008004c90        0x0 linker stubs

.v4_bx          0x0000000008004c90        0x0
 .v4_bx         0x0000000008004c90        0x0 linker stubs

.iplt           0x0000000008004c90        0x0
 .iplt          0x0000000008004c90        0x0 c:/st/stm32cubeide_1.5.0/stm32cubeide/plugins/com.st.stm32cube.ide.mcu.externaltools.gnu-tools-for-stm32.7-2018-q2-update.win32_1.5.0.202011040924/tools/bin/../lib/gcc/arm-none-eabi/7.3.1/thumb/v7e-m/fpv5/hard/crtbegin.o

.rodata         0x0000000008004c90      0x344
                0x0000000008004c90                . = ALIGN (0x4)
 *(.rodata)
 *(.rodata*)
 .rodata.ledTaskControl.str1.1
                0x0000000008004c90      0x140 Core/Src/blinky.o
 .rodata.rescheduleEDF.str1.1
                0x0000000008004dd0       0x8b Core/Src/edf_tasks.o
 .rodata.vApplicationMallocFailedHook.str1.1
                0x0000000008004e5b       0x1d Core/Src/hooks.o
 .rodata.main.str1.1
                0x0000000008004e78       0x26 Core/Src/main.o
 .rodata.AHBPrescTable
                0x0000000008004e9e       0x10 Core/Src/system_stm32f7xx.o
                0x0000000008004e9e                AHBPrescTable
 .rodata.APBPrescTable
                0x0000000008004eae        0x8 Core/Src/system_stm32f7xx.o
                0x0000000008004eae                APBPrescTable
 .rodata.CSWTCH.53
                0x0000000008004eb6        0x4 Drivers/STM32F7xx_HAL_Driver/Src/stm32f7xx_hal_uart.o
 .rodata.CSWTCH.54
                0x0000000008004eba        0xd Drivers/STM32F7xx_HAL_Driver/Src/stm32f7xx_hal_uart.o
 .rodata.pvPortMalloc.str1.1
                0x0000000008004ec7       0x2d Middlewares/FreeRTOS/Src/MemMang/heap_4.o
 .rodata.prvNotifyQueueSetContainer.str1.1
                0x0000000008004ef4       0x24 Middlewares/FreeRTOS/Src/queue.o
 .rodata.prvTaskIsTaskSuspended.str1.1
                0x0000000008004f18       0x24 Middlewares/FreeRTOS/Src/tasks.o
 .rodata.vTaskStartScheduler.str1.1
                0x0000000008004f3c        0x5 Middlewares/FreeRTOS/Src/tasks.o
 .rodata.prvCheckForValidListAndQueue.str1.1
                0x0000000008004f41        0x5 Middlewares/FreeRTOS/Src/timers.o
 .rodata.xTimerCreateTimerTask.str1.1
                0x0000000008004f46       0x2d Middlewares/FreeRTOS/Src/timers.o
 .rodata.prvTaskExitError.str1.1
                0x0000000008004f73       0x2c Middlewares/FreeRTOS/Src/portable/port.o
 .rodata._svfprintf_r.str1.1
                0x0000000008004f9f       0x11 c:/st/stm32cubeide_1.5.0/stm32cubeide/plugins/com.st.stm32cube.ide.mcu.externaltools.gnu-tools-for-stm32.7-2018-q2-update.win32_1.5.0.202011040924/tools/bin/../lib/gcc/arm-none-eabi/7.3.1/../../../../arm-none-eabi/lib/thumb/v7e-m/fpv5/hard\libc_nano.a(lib_a-nano-svfprintf.o)
 .rodata._printf_i.str1.1
                0x0000000008004fb0       0x22 c:/st/stm32cubeide_1.5.0/stm32cubeide/plugins/com.st.stm32cube.ide.mcu.externaltools.gnu-tools-for-stm32.7-2018-q2-update.win32_1.5.0.202011040924/tools/bin/../lib/gcc/arm-none-eabi/7.3.1/../../../../arm-none-eabi/lib/thumb/v7e-m/fpv5/hard\libc_nano.a(lib_a-nano-vfprintf_i.o)
                0x0000000008004fd4                . = ALIGN (0x4)
 *fill*         0x0000000008004fd2        0x2 

.ARM.extab      0x0000000008004fd4        0x0
                0x0000000008004fd4                . = ALIGN (0x4)
 *(.ARM.extab* .gnu.linkonce.armextab.*)
                0x0000000008004fd4                . = ALIGN (0x4)

.ARM            0x0000000008004fd4        0x8
                0x0000000008004fd4                . = ALIGN (0x4)
                0x0000000008004fd4                __exidx_start = .
 *(.ARM.exidx*)
 .ARM.exidx     0x0000000008004fd4        0x8 c:/st/stm32cubeide_1.5.0/stm32cubeide/plugins/com.st.stm32cube.ide.mcu.externaltools.gnu-tools-for-stm32.7-2018-q2-update.win32_1.5.0.202011040924/tools/bin/../lib/gcc/arm-none-eabi/7.3.1/thumb/v7e-m/fpv5/hard\libgcc.a(_udivmoddi4.o)
                0x0000000008004fdc                __exidx_end = .
                0x0000000008004fdc                . = ALIGN (0x4)

.rel.dyn        0x0000000008004fdc        0x0
 .rel.iplt      0x0000000008004fdc        0x0 c:/st/stm32cubeide_1.5.0/stm32cubeide/plugins/com.st.stm32cube.ide.mcu.externaltools.gnu-tools-for-stm32.7-2018-q2-update.win32_1.5.0.202011040924/tools/bin/../lib/gcc/arm-none-eabi/7.3.1/thumb/v7e-m/fpv5/hard/crtbegin.o

.preinit_array  0x0000000008004fdc        0x0
                0x0000000008004fdc                . = ALIGN (0x4)
                0x0000000008004fdc                PROVIDE (__preinit_array_start = .)
 *(.preinit_array*)
                0x0000000008004fdc                PROVIDE (__preinit_array_end = .)
                0x0000000008004fdc                . = ALIGN (0x4)

.init_array     0x0000000008004fdc        0x4
                0x0000000008004fdc                . = ALIGN (0x4)
                0x0000000008004fdc                PROVIDE (__init_array_start = .)
 *(SORT_BY_NAME(.init_array.*))
 *(.init_array*)
 .init_array    0x0000000008004fdc        0x4 c:/st/stm32cubeide_1.5.0/stm32cubeide/plugins/com.st.stm32cube.ide.mcu.externaltools.gnu-tools-for-stm32.7-2018-q2-update.win32_1.5.0.202011040924/tools/bin/../lib/gcc/arm-none-eabi/7.3.1/thumb/v7e-m/fpv5/hard/crtbegin.o
                0x0000000008004fe0                PROVIDE (__init_array_end = .)
                0x0000000008004fe0                . = ALIGN (0x4)

.fini_array     0x0000000008004fe0        0x4
                0x0000000008004fe0                . = ALIGN (0x4)
                [!provide]                        PROVIDE (__fini_array_start = .)
 *(SORT_BY_NAME(.fini_array.*))
 *(.fini_array*)
 .fini_array    0x0000000008004fe0        0x4 c:/st/stm32cubeide_1.5.0/stm32cubeide/plugins/com.st.stm32cube.ide.mcu.externaltools.gnu-tools-for-stm32.7-2018-q2-update.win32_1.5.0.202011040924/tools/bin/../lib/gcc/arm-none-eabi/7.3.1/thumb/v7e-m/fpv5/hard/crtbegin.o
                [!provide]                        PROVIDE (__fini_array_end = .)
                0x0000000008004fe4                . = ALIGN (0x4)
                0x0000000008004fe4                _sidata = LOADADDR (.data)

.data           0x0000000020000000       0x78 load address 0x0000000008004fe4
                0x0000000020000000                . = ALIGN (0x4)
                0x0000000020000000                _sdata = .
 *(.data)
 *(.data*)
 .data.SystemCoreClock
                0x0000000020000000        0x4 Core/Src/system_stm32f7xx.o
                0x0000000020000000                SystemCoreClock
 .data.uwTickFreq
                0x0000000020000004        0x1 Drivers/STM32F7xx_HAL_Driver/Src/stm32f7xx_hal.o
                0x0000000020000004                uwTickFreq
 *fill*         0x0000000020000005        0x3 
 .data.uwTickPrio
                0x0000000020000008        0x4 Drivers/STM32F7xx_HAL_Driver/Src/stm32f7xx_hal.o
                0x0000000020000008                uwTickPrio
 .data.uxTopUsedPriority
                0x000000002000000c        0x4 Middlewares/FreeRTOS/Src/tasks.o
                0x000000002000000c                uxTopUsedPriority
 .data.uxCriticalNesting
                0x0000000020000010        0x4 Middlewares/FreeRTOS/Src/portable/port.o
 .data._impure_ptr
                0x0000000020000014        0x4 c:/st/stm32cubeide_1.5.0/stm32cubeide/plugins/com.st.stm32cube.ide.mcu.externaltools.gnu-tools-for-stm32.7-2018-q2-update.win32_1.5.0.202011040924/tools/bin/../lib/gcc/arm-none-eabi/7.3.1/../../../../arm-none-eabi/lib/thumb/v7e-m/fpv5/hard\libc_nano.a(lib_a-impure.o)
                0x0000000020000014                _impure_ptr
 .data.impure_data
                0x0000000020000018       0x60 c:/st/stm32cubeide_1.5.0/stm32cubeide/plugins/com.st.stm32cube.ide.mcu.externaltools.gnu-tools-for-stm32.7-2018-q2-update.win32_1.5.0.202011040924/tools/bin/../lib/gcc/arm-none-eabi/7.3.1/../../../../arm-none-eabi/lib/thumb/v7e-m/fpv5/hard\libc_nano.a(lib_a-impure.o)
 *(.RamFunc)
 *(.RamFunc*)
                0x0000000020000078                . = ALIGN (0x4)
                0x0000000020000078                _edata = .

.igot.plt       0x0000000020000078        0x0 load address 0x000000000800505c
 .igot.plt      0x0000000020000078        0x0 c:/st/stm32cubeide_1.5.0/stm32cubeide/plugins/com.st.stm32cube.ide.mcu.externaltools.gnu-tools-for-stm32.7-2018-q2-update.win32_1.5.0.202011040924/tools/bin/../lib/gcc/arm-none-eabi/7.3.1/thumb/v7e-m/fpv5/hard/crtbegin.o
                0x0000000020000078                . = ALIGN (0x4)

.bss            0x0000000020000078    0x20720 load address 0x000000000800505c
                0x0000000020000078                _sbss = .
                0x0000000020000078                __bss_start__ = _sbss
 *(.bss)
 .bss           0x0000000020000078       0x1c c:/st/stm32cubeide_1.5.0/stm32cubeide/plugins/com.st.stm32cube.ide.mcu.externaltools.gnu-tools-for-stm32.7-2018-q2-update.win32_1.5.0.202011040924/tools/bin/../lib/gcc/arm-none-eabi/7.3.1/thumb/v7e-m/fpv5/hard/crtbegin.o
 *(.bss*)
 .bss.ledTask1Created
                0x0000000020000094        0x1 Core/Src/blinky.o
                0x0000000020000094                ledTask1Created
 .bss.ledTask2Created
                0x0000000020000095        0x1 Core/Src/blinky.o
                0x0000000020000095                ledTask2Created
 .bss.ledTask3Created
                0x0000000020000096        0x1 Core/Src/blinky.o
                0x0000000020000096                ledTask3Created
 *fill*         0x0000000020000097        0x1 
 .bss.buttonCounter
                0x0000000020000098        0x2 Core/Src/main.o
                0x0000000020000098                buttonCounter
 *fill*         0x000000002000009a        0x2 
 .bss.__sbrk_heap_end
                0x000000002000009c        0x4 Core/Src/sysmem.o
 .bss.pxEnd     0x00000000200000a0        0x4 Middlewares/FreeRTOS/Src/MemMang/heap_4.o
 .bss.ucHeap    0x00000000200000a4    0x20000 Middlewares/FreeRTOS/Src/MemMang/heap_4.o
 .bss.xBlockAllocatedBit
                0x00000000200200a4        0x4 Middlewares/FreeRTOS/Src/MemMang/heap_4.o
 .bss.xFreeBytesRemaining
                0x00000000200200a8        0x4 Middlewares/FreeRTOS/Src/MemMang/heap_4.o
 .bss.xMinimumEverFreeBytesRemaining
                0x00000000200200ac        0x4 Middlewares/FreeRTOS/Src/MemMang/heap_4.o
 .bss.xNumberOfSuccessfulAllocations
                0x00000000200200b0        0x4 Middlewares/FreeRTOS/Src/MemMang/heap_4.o
 .bss.xNumberOfSuccessfulFrees
                0x00000000200200b4        0x4 Middlewares/FreeRTOS/Src/MemMang/heap_4.o
 .bss.xStart    0x00000000200200b8        0x8 Middlewares/FreeRTOS/Src/MemMang/heap_4.o
 .bss.pxCurrentTCB
                0x00000000200200c0        0x4 Middlewares/FreeRTOS/Src/tasks.o
                0x00000000200200c0                pxCurrentTCB
 .bss.pxDelayedTaskList
                0x00000000200200c4        0x4 Middlewares/FreeRTOS/Src/tasks.o
 .bss.pxOverflowDelayedTaskList
                0x00000000200200c8        0x4 Middlewares/FreeRTOS/Src/tasks.o
 .bss.pxReadyTasksLists
                0x00000000200200cc      0x280 Middlewares/FreeRTOS/Src/tasks.o
 .bss.uxCurrentNumberOfTasks
                0x000000002002034c        0x4 Middlewares/FreeRTOS/Src/tasks.o
 .bss.uxDeletedTasksWaitingCleanUp
                0x0000000020020350        0x4 Middlewares/FreeRTOS/Src/tasks.o
 .bss.uxSchedulerSuspended
                0x0000000020020354        0x4 Middlewares/FreeRTOS/Src/tasks.o
 .bss.uxTaskNumber
                0x0000000020020358        0x4 Middlewares/FreeRTOS/Src/tasks.o
 .bss.uxTopReadyPriority
                0x000000002002035c        0x4 Middlewares/FreeRTOS/Src/tasks.o
 .bss.xDelayedTaskList1
                0x0000000020020360       0x14 Middlewares/FreeRTOS/Src/tasks.o
 .bss.xDelayedTaskList2
                0x0000000020020374       0x14 Middlewares/FreeRTOS/Src/tasks.o
 .bss.xIdleTaskHandle
                0x0000000020020388        0x4 Middlewares/FreeRTOS/Src/tasks.o
 .bss.xNextTaskUnblockTime
                0x000000002002038c        0x4 Middlewares/FreeRTOS/Src/tasks.o
 .bss.xNumOfOverflows
                0x0000000020020390        0x4 Middlewares/FreeRTOS/Src/tasks.o
 .bss.xPendedTicks
                0x0000000020020394        0x4 Middlewares/FreeRTOS/Src/tasks.o
 .bss.xPendingReadyList
                0x0000000020020398       0x14 Middlewares/FreeRTOS/Src/tasks.o
 .bss.xSchedulerRunning
                0x00000000200203ac        0x4 Middlewares/FreeRTOS/Src/tasks.o
 .bss.xSuspendedTaskList
                0x00000000200203b0       0x14 Middlewares/FreeRTOS/Src/tasks.o
 .bss.xTasksWaitingTermination
                0x00000000200203c4       0x14 Middlewares/FreeRTOS/Src/tasks.o
 .bss.xTickCount
                0x00000000200203d8        0x4 Middlewares/FreeRTOS/Src/tasks.o
 .bss.xYieldPending
                0x00000000200203dc        0x4 Middlewares/FreeRTOS/Src/tasks.o
 .bss.pxCurrentTimerList
                0x00000000200203e0        0x4 Middlewares/FreeRTOS/Src/timers.o
 .bss.pxOverflowTimerList
                0x00000000200203e4        0x4 Middlewares/FreeRTOS/Src/timers.o
 .bss.xActiveTimerList1
                0x00000000200203e8       0x14 Middlewares/FreeRTOS/Src/timers.o
 .bss.xActiveTimerList2
                0x00000000200203fc       0x14 Middlewares/FreeRTOS/Src/timers.o
 .bss.xLastTime.10234
                0x0000000020020410        0x4 Middlewares/FreeRTOS/Src/timers.o
 .bss.xTimerQueue
                0x0000000020020414        0x4 Middlewares/FreeRTOS/Src/timers.o
 .bss.xTimerTaskHandle
                0x0000000020020418        0x4 Middlewares/FreeRTOS/Src/timers.o
 .bss.ucMaxSysCallPriority
                0x000000002002041c        0x1 Middlewares/FreeRTOS/Src/portable/port.o
 *fill*         0x000000002002041d        0x3 
 .bss.ulMaxPRIGROUPValue
                0x0000000020020420        0x4 Middlewares/FreeRTOS/Src/portable/port.o
 .bss.ulStoppedTimerCompensation
                0x0000000020020424        0x4 Middlewares/FreeRTOS/Src/portable/port.o
 .bss.ulTimerCountsForOneTick
                0x0000000020020428        0x4 Middlewares/FreeRTOS/Src/portable/port.o
 .bss.xMaximumPossibleSuppressedTicks
                0x000000002002042c        0x4 Middlewares/FreeRTOS/Src/portable/port.o
 .bss.__malloc_free_list
                0x0000000020020430        0x4 c:/st/stm32cubeide_1.5.0/stm32cubeide/plugins/com.st.stm32cube.ide.mcu.externaltools.gnu-tools-for-stm32.7-2018-q2-update.win32_1.5.0.202011040924/tools/bin/../lib/gcc/arm-none-eabi/7.3.1/../../../../arm-none-eabi/lib/thumb/v7e-m/fpv5/hard\libc_nano.a(lib_a-nano-mallocr.o)
                0x0000000020020430                __malloc_free_list
 .bss.__malloc_sbrk_start
                0x0000000020020434        0x4 c:/st/stm32cubeide_1.5.0/stm32cubeide/plugins/com.st.stm32cube.ide.mcu.externaltools.gnu-tools-for-stm32.7-2018-q2-update.win32_1.5.0.202011040924/tools/bin/../lib/gcc/arm-none-eabi/7.3.1/../../../../arm-none-eabi/lib/thumb/v7e-m/fpv5/hard\libc_nano.a(lib_a-nano-mallocr.o)
                0x0000000020020434                __malloc_sbrk_start
 *(COMMON)
 COMMON         0x0000000020020438      0x248 Core/Src/edf_tasks.o
                0x0000000020020438                edfTasks
 COMMON         0x0000000020020680       0x90 Core/Src/main.o
                0x0000000020020680                huart1
                0x0000000020020700                hrng
 COMMON         0x0000000020020710       0x40 Core/Src/stm32f7xx_hal_timebase_tim.o
                0x0000000020020710                htim6
 COMMON         0x0000000020020750        0x4 Drivers/STM32F7xx_HAL_Driver/Src/stm32f7xx_hal.o
                0x0000000020020750                uwTick
 COMMON         0x0000000020020754       0x40 Middlewares/FreeRTOS/Src/queue.o
                0x0000000020020754                xQueueRegistry
 COMMON         0x0000000020020794        0x4 c:/st/stm32cubeide_1.5.0/stm32cubeide/plugins/com.st.stm32cube.ide.mcu.externaltools.gnu-tools-for-stm32.7-2018-q2-update.win32_1.5.0.202011040924/tools/bin/../lib/gcc/arm-none-eabi/7.3.1/../../../../arm-none-eabi/lib/thumb/v7e-m/fpv5/hard\libc_nano.a(lib_a-reent.o)
                0x0000000020020794                errno
                0x0000000020020798                . = ALIGN (0x4)
                0x0000000020020798                _ebss = .
                0x0000000020020798                __bss_end__ = _ebss

._user_heap_stack
                0x0000000020020798      0x600 load address 0x000000000800505c
                0x0000000020020798                . = ALIGN (0x8)
                [!provide]                        PROVIDE (end = .)
                0x0000000020020798                PROVIDE (_end = .)
                0x0000000020020998                . = (. + _Min_Heap_Size)
 *fill*         0x0000000020020798      0x200 
                0x0000000020020d98                . = (. + _Min_Stack_Size)
 *fill*         0x0000000020020998      0x400 
                0x0000000020020d98                . = ALIGN (0x8)

/DISCARD/
 libc.a(*)
 libm.a(*)
 libgcc.a(*)

.ARM.attributes
                0x0000000000000000       0x2e
 *(.ARM.attributes)
 .ARM.attributes
                0x0000000000000000       0x20 c:/st/stm32cubeide_1.5.0/stm32cubeide/plugins/com.st.stm32cube.ide.mcu.externaltools.gnu-tools-for-stm32.7-2018-q2-update.win32_1.5.0.202011040924/tools/bin/../lib/gcc/arm-none-eabi/7.3.1/thumb/v7e-m/fpv5/hard/crti.o
 .ARM.attributes
                0x0000000000000020       0x32 c:/st/stm32cubeide_1.5.0/stm32cubeide/plugins/com.st.stm32cube.ide.mcu.externaltools.gnu-tools-for-stm32.7-2018-q2-update.win32_1.5.0.202011040924/tools/bin/../lib/gcc/arm-none-eabi/7.3.1/thumb/v7e-m/fpv5/hard/crtbegin.o
 .ARM.attributes
                0x0000000000000052       0x37 Core/Src/blinky.o
 .ARM.attributes
                0x0000000000000089       0x37 Core/Src/edf_tasks.o
 .ARM.attributes
                0x00000000000000c0       0x37 Core/Src/helper_functions.o
 .ARM.attributes
                0x00000000000000f7       0x37 Core/Src/hooks.o
 .ARM.attributes
                0x000000000000012e       0x37 Core/Src/main.o
 .ARM.attributes
                0x0000000000000165       0x37 Core/Src/stm32f7xx_hal_msp.o
 .ARM.attributes
                0x000000000000019c       0x37 Core/Src/stm32f7xx_hal_timebase_tim.o
 .ARM.attributes
                0x00000000000001d3       0x37 Core/Src/stm32f7xx_it.o
 .ARM.attributes
                0x000000000000020a       0x37 Core/Src/sysmem.o
 .ARM.attributes
                0x0000000000000241       0x37 Core/Src/system_stm32f7xx.o
 .ARM.attributes
                0x0000000000000278       0x21 Core/Startup/startup_stm32f769nihx.o
 .ARM.attributes
                0x0000000000000299       0x37 Drivers/STM32F7xx_HAL_Driver/Src/stm32f7xx_hal.o
 .ARM.attributes
                0x00000000000002d0       0x37 Drivers/STM32F7xx_HAL_Driver/Src/stm32f7xx_hal_cortex.o
 .ARM.attributes
                0x0000000000000307       0x37 Drivers/STM32F7xx_HAL_Driver/Src/stm32f7xx_hal_gpio.o
 .ARM.attributes
                0x000000000000033e       0x37 Drivers/STM32F7xx_HAL_Driver/Src/stm32f7xx_hal_pwr_ex.o
 .ARM.attributes
                0x0000000000000375       0x37 Drivers/STM32F7xx_HAL_Driver/Src/stm32f7xx_hal_rcc.o
 .ARM.attributes
                0x00000000000003ac       0x37 Drivers/STM32F7xx_HAL_Driver/Src/stm32f7xx_hal_rcc_ex.o
 .ARM.attributes
                0x00000000000003e3       0x37 Drivers/STM32F7xx_HAL_Driver/Src/stm32f7xx_hal_rng.o
 .ARM.attributes
                0x000000000000041a       0x37 Drivers/STM32F7xx_HAL_Driver/Src/stm32f7xx_hal_tim.o
 .ARM.attributes
                0x0000000000000451       0x37 Drivers/STM32F7xx_HAL_Driver/Src/stm32f7xx_hal_tim_ex.o
 .ARM.attributes
                0x0000000000000488       0x37 Drivers/STM32F7xx_HAL_Driver/Src/stm32f7xx_hal_uart.o
 .ARM.attributes
                0x00000000000004bf       0x37 Middlewares/FreeRTOS/Src/MemMang/heap_4.o
 .ARM.attributes
                0x00000000000004f6       0x37 Middlewares/FreeRTOS/Src/list.o
 .ARM.attributes
                0x000000000000052d       0x37 Middlewares/FreeRTOS/Src/queue.o
 .ARM.attributes
                0x0000000000000564       0x37 Middlewares/FreeRTOS/Src/tasks.o
 .ARM.attributes
                0x000000000000059b       0x37 Middlewares/FreeRTOS/Src/timers.o
 .ARM.attributes
                0x00000000000005d2       0x37 Middlewares/FreeRTOS/Src/portable/port.o
 .ARM.attributes
                0x0000000000000609       0x32 c:/st/stm32cubeide_1.5.0/stm32cubeide/plugins/com.st.stm32cube.ide.mcu.externaltools.gnu-tools-for-stm32.7-2018-q2-update.win32_1.5.0.202011040924/tools/bin/../lib/gcc/arm-none-eabi/7.3.1/../../../../arm-none-eabi/lib/thumb/v7e-m/fpv5/hard\libc_nano.a(lib_a-errno.o)
 .ARM.attributes
                0x000000000000063b       0x32 c:/st/stm32cubeide_1.5.0/stm32cubeide/plugins/com.st.stm32cube.ide.mcu.externaltools.gnu-tools-for-stm32.7-2018-q2-update.win32_1.5.0.202011040924/tools/bin/../lib/gcc/arm-none-eabi/7.3.1/../../../../arm-none-eabi/lib/thumb/v7e-m/fpv5/hard\libc_nano.a(lib_a-impure.o)
 .ARM.attributes
                0x000000000000066d       0x32 c:/st/stm32cubeide_1.5.0/stm32cubeide/plugins/com.st.stm32cube.ide.mcu.externaltools.gnu-tools-for-stm32.7-2018-q2-update.win32_1.5.0.202011040924/tools/bin/../lib/gcc/arm-none-eabi/7.3.1/../../../../arm-none-eabi/lib/thumb/v7e-m/fpv5/hard\libc_nano.a(lib_a-init.o)
 .ARM.attributes
                0x000000000000069f       0x32 c:/st/stm32cubeide_1.5.0/stm32cubeide/plugins/com.st.stm32cube.ide.mcu.externaltools.gnu-tools-for-stm32.7-2018-q2-update.win32_1.5.0.202011040924/tools/bin/../lib/gcc/arm-none-eabi/7.3.1/../../../../arm-none-eabi/lib/thumb/v7e-m/fpv5/hard\libc_nano.a(lib_a-memcpy-stub.o)
 .ARM.attributes
                0x00000000000006d1       0x32 c:/st/stm32cubeide_1.5.0/stm32cubeide/plugins/com.st.stm32cube.ide.mcu.externaltools.gnu-tools-for-stm32.7-2018-q2-update.win32_1.5.0.202011040924/tools/bin/../lib/gcc/arm-none-eabi/7.3.1/../../../../arm-none-eabi/lib/thumb/v7e-m/fpv5/hard\libc_nano.a(lib_a-memset.o)
 .ARM.attributes
                0x0000000000000703       0x32 c:/st/stm32cubeide_1.5.0/stm32cubeide/plugins/com.st.stm32cube.ide.mcu.externaltools.gnu-tools-for-stm32.7-2018-q2-update.win32_1.5.0.202011040924/tools/bin/../lib/gcc/arm-none-eabi/7.3.1/../../../../arm-none-eabi/lib/thumb/v7e-m/fpv5/hard\libc_nano.a(lib_a-snprintf.o)
 .ARM.attributes
                0x0000000000000735       0x1e c:/st/stm32cubeide_1.5.0/stm32cubeide/plugins/com.st.stm32cube.ide.mcu.externaltools.gnu-tools-for-stm32.7-2018-q2-update.win32_1.5.0.202011040924/tools/bin/../lib/gcc/arm-none-eabi/7.3.1/../../../../arm-none-eabi/lib/thumb/v7e-m/fpv5/hard\libc_nano.a(lib_a-strcmp.o)
 .ARM.attributes
                0x0000000000000753       0x19 c:/st/stm32cubeide_1.5.0/stm32cubeide/plugins/com.st.stm32cube.ide.mcu.externaltools.gnu-tools-for-stm32.7-2018-q2-update.win32_1.5.0.202011040924/tools/bin/../lib/gcc/arm-none-eabi/7.3.1/../../../../arm-none-eabi/lib/thumb/v7e-m/fpv5/hard\libc_nano.a(lib_a-strlen.o)
 .ARM.attributes
                0x000000000000076c       0x32 c:/st/stm32cubeide_1.5.0/stm32cubeide/plugins/com.st.stm32cube.ide.mcu.externaltools.gnu-tools-for-stm32.7-2018-q2-update.win32_1.5.0.202011040924/tools/bin/../lib/gcc/arm-none-eabi/7.3.1/../../../../arm-none-eabi/lib/thumb/v7e-m/fpv5/hard\libc_nano.a(lib_a-nano-svfprintf.o)
 .ARM.attributes
                0x000000000000079e       0x32 c:/st/stm32cubeide_1.5.0/stm32cubeide/plugins/com.st.stm32cube.ide.mcu.externaltools.gnu-tools-for-stm32.7-2018-q2-update.win32_1.5.0.202011040924/tools/bin/../lib/gcc/arm-none-eabi/7.3.1/../../../../arm-none-eabi/lib/thumb/v7e-m/fpv5/hard\libc_nano.a(lib_a-nano-vfprintf_i.o)
 .ARM.attributes
                0x00000000000007d0       0x1e c:/st/stm32cubeide_1.5.0/stm32cubeide/plugins/com.st.stm32cube.ide.mcu.externaltools.gnu-tools-for-stm32.7-2018-q2-update.win32_1.5.0.202011040924/tools/bin/../lib/gcc/arm-none-eabi/7.3.1/../../../../arm-none-eabi/lib/thumb/v7e-m/fpv5/hard\libc_nano.a(lib_a-memchr.o)
 .ARM.attributes
                0x00000000000007ee       0x32 c:/st/stm32cubeide_1.5.0/stm32cubeide/plugins/com.st.stm32cube.ide.mcu.externaltools.gnu-tools-for-stm32.7-2018-q2-update.win32_1.5.0.202011040924/tools/bin/../lib/gcc/arm-none-eabi/7.3.1/../../../../arm-none-eabi/lib/thumb/v7e-m/fpv5/hard\libc_nano.a(lib_a-memmove.o)
 .ARM.attributes
                0x0000000000000820       0x32 c:/st/stm32cubeide_1.5.0/stm32cubeide/plugins/com.st.stm32cube.ide.mcu.externaltools.gnu-tools-for-stm32.7-2018-q2-update.win32_1.5.0.202011040924/tools/bin/../lib/gcc/arm-none-eabi/7.3.1/../../../../arm-none-eabi/lib/thumb/v7e-m/fpv5/hard\libc_nano.a(lib_a-nano-freer.o)
 .ARM.attributes
                0x0000000000000852       0x32 c:/st/stm32cubeide_1.5.0/stm32cubeide/plugins/com.st.stm32cube.ide.mcu.externaltools.gnu-tools-for-stm32.7-2018-q2-update.win32_1.5.0.202011040924/tools/bin/../lib/gcc/arm-none-eabi/7.3.1/../../../../arm-none-eabi/lib/thumb/v7e-m/fpv5/hard\libc_nano.a(lib_a-nano-mallocr.o)
 .ARM.attributes
                0x0000000000000884       0x32 c:/st/stm32cubeide_1.5.0/stm32cubeide/plugins/com.st.stm32cube.ide.mcu.externaltools.gnu-tools-for-stm32.7-2018-q2-update.win32_1.5.0.202011040924/tools/bin/../lib/gcc/arm-none-eabi/7.3.1/../../../../arm-none-eabi/lib/thumb/v7e-m/fpv5/hard\libc_nano.a(lib_a-nano-reallocr.o)
 .ARM.attributes
                0x00000000000008b6       0x32 c:/st/stm32cubeide_1.5.0/stm32cubeide/plugins/com.st.stm32cube.ide.mcu.externaltools.gnu-tools-for-stm32.7-2018-q2-update.win32_1.5.0.202011040924/tools/bin/../lib/gcc/arm-none-eabi/7.3.1/../../../../arm-none-eabi/lib/thumb/v7e-m/fpv5/hard\libc_nano.a(lib_a-sbrkr.o)
 .ARM.attributes
                0x00000000000008e8       0x32 c:/st/stm32cubeide_1.5.0/stm32cubeide/plugins/com.st.stm32cube.ide.mcu.externaltools.gnu-tools-for-stm32.7-2018-q2-update.win32_1.5.0.202011040924/tools/bin/../lib/gcc/arm-none-eabi/7.3.1/../../../../arm-none-eabi/lib/thumb/v7e-m/fpv5/hard\libc_nano.a(lib_a-mlock.o)
 .ARM.attributes
                0x000000000000091a       0x32 c:/st/stm32cubeide_1.5.0/stm32cubeide/plugins/com.st.stm32cube.ide.mcu.externaltools.gnu-tools-for-stm32.7-2018-q2-update.win32_1.5.0.202011040924/tools/bin/../lib/gcc/arm-none-eabi/7.3.1/../../../../arm-none-eabi/lib/thumb/v7e-m/fpv5/hard\libc_nano.a(lib_a-nano-msizer.o)
 .ARM.attributes
                0x000000000000094c       0x32 c:/st/stm32cubeide_1.5.0/stm32cubeide/plugins/com.st.stm32cube.ide.mcu.externaltools.gnu-tools-for-stm32.7-2018-q2-update.win32_1.5.0.202011040924/tools/bin/../lib/gcc/arm-none-eabi/7.3.1/../../../../arm-none-eabi/lib/thumb/v7e-m/fpv5/hard\libc_nano.a(lib_a-reent.o)
 .ARM.attributes
                0x000000000000097e       0x20 c:/st/stm32cubeide_1.5.0/stm32cubeide/plugins/com.st.stm32cube.ide.mcu.externaltools.gnu-tools-for-stm32.7-2018-q2-update.win32_1.5.0.202011040924/tools/bin/../lib/gcc/arm-none-eabi/7.3.1/thumb/v7e-m/fpv5/hard\libgcc.a(_aeabi_uldivmod.o)
 .ARM.attributes
                0x000000000000099e       0x32 c:/st/stm32cubeide_1.5.0/stm32cubeide/plugins/com.st.stm32cube.ide.mcu.externaltools.gnu-tools-for-stm32.7-2018-q2-update.win32_1.5.0.202011040924/tools/bin/../lib/gcc/arm-none-eabi/7.3.1/thumb/v7e-m/fpv5/hard\libgcc.a(_udivmoddi4.o)
 .ARM.attributes
                0x00000000000009d0       0x20 c:/st/stm32cubeide_1.5.0/stm32cubeide/plugins/com.st.stm32cube.ide.mcu.externaltools.gnu-tools-for-stm32.7-2018-q2-update.win32_1.5.0.202011040924/tools/bin/../lib/gcc/arm-none-eabi/7.3.1/thumb/v7e-m/fpv5/hard\libgcc.a(_dvmd_tls.o)
 .ARM.attributes
                0x00000000000009f0       0x20 c:/st/stm32cubeide_1.5.0/stm32cubeide/plugins/com.st.stm32cube.ide.mcu.externaltools.gnu-tools-for-stm32.7-2018-q2-update.win32_1.5.0.202011040924/tools/bin/../lib/gcc/arm-none-eabi/7.3.1/thumb/v7e-m/fpv5/hard/crtn.o
OUTPUT(edf-blinky-test.elf elf32-littlearm)

.comment        0x0000000000000000       0x7b
 .comment       0x0000000000000000       0x7b Core/Src/blinky.o
                                         0x7c (size before relaxing)
 .comment       0x000000000000007b       0x7c Core/Src/edf_tasks.o
 .comment       0x000000000000007b       0x7c Core/Src/helper_functions.o
 .comment       0x000000000000007b       0x7c Core/Src/hooks.o
 .comment       0x000000000000007b       0x7c Core/Src/main.o
 .comment       0x000000000000007b       0x7c Core/Src/stm32f7xx_hal_msp.o
 .comment       0x000000000000007b       0x7c Core/Src/stm32f7xx_hal_timebase_tim.o
 .comment       0x000000000000007b       0x7c Core/Src/stm32f7xx_it.o
 .comment       0x000000000000007b       0x7c Core/Src/sysmem.o
 .comment       0x000000000000007b       0x7c Core/Src/system_stm32f7xx.o
 .comment       0x000000000000007b       0x7c Drivers/STM32F7xx_HAL_Driver/Src/stm32f7xx_hal.o
 .comment       0x000000000000007b       0x7c Drivers/STM32F7xx_HAL_Driver/Src/stm32f7xx_hal_cortex.o
 .comment       0x000000000000007b       0x7c Drivers/STM32F7xx_HAL_Driver/Src/stm32f7xx_hal_gpio.o
 .comment       0x000000000000007b       0x7c Drivers/STM32F7xx_HAL_Driver/Src/stm32f7xx_hal_pwr_ex.o
 .comment       0x000000000000007b       0x7c Drivers/STM32F7xx_HAL_Driver/Src/stm32f7xx_hal_rcc.o
 .comment       0x000000000000007b       0x7c Drivers/STM32F7xx_HAL_Driver/Src/stm32f7xx_hal_rcc_ex.o
 .comment       0x000000000000007b       0x7c Drivers/STM32F7xx_HAL_Driver/Src/stm32f7xx_hal_rng.o
 .comment       0x000000000000007b       0x7c Drivers/STM32F7xx_HAL_Driver/Src/stm32f7xx_hal_tim.o
 .comment       0x000000000000007b       0x7c Drivers/STM32F7xx_HAL_Driver/Src/stm32f7xx_hal_tim_ex.o
 .comment       0x000000000000007b       0x7c Drivers/STM32F7xx_HAL_Driver/Src/stm32f7xx_hal_uart.o
 .comment       0x000000000000007b       0x7c Middlewares/FreeRTOS/Src/MemMang/heap_4.o
 .comment       0x000000000000007b       0x7c Middlewares/FreeRTOS/Src/list.o
 .comment       0x000000000000007b       0x7c Middlewares/FreeRTOS/Src/queue.o
 .comment       0x000000000000007b       0x7c Middlewares/FreeRTOS/Src/tasks.o
 .comment       0x000000000000007b       0x7c Middlewares/FreeRTOS/Src/timers.o
 .comment       0x000000000000007b       0x7c Middlewares/FreeRTOS/Src/portable/port.o

.debug_frame    0x0000000000000000      0x420
 .debug_frame   0x0000000000000000       0x20 c:/st/stm32cubeide_1.5.0/stm32cubeide/plugins/com.st.stm32cube.ide.mcu.externaltools.gnu-tools-for-stm32.7-2018-q2-update.win32_1.5.0.202011040924/tools/bin/../lib/gcc/arm-none-eabi/7.3.1/../../../../arm-none-eabi/lib/thumb/v7e-m/fpv5/hard\libc_nano.a(lib_a-errno.o)
 .debug_frame   0x0000000000000020       0x2c c:/st/stm32cubeide_1.5.0/stm32cubeide/plugins/com.st.stm32cube.ide.mcu.externaltools.gnu-tools-for-stm32.7-2018-q2-update.win32_1.5.0.202011040924/tools/bin/../lib/gcc/arm-none-eabi/7.3.1/../../../../arm-none-eabi/lib/thumb/v7e-m/fpv5/hard\libc_nano.a(lib_a-init.o)
 .debug_frame   0x000000000000004c       0x28 c:/st/stm32cubeide_1.5.0/stm32cubeide/plugins/com.st.stm32cube.ide.mcu.externaltools.gnu-tools-for-stm32.7-2018-q2-update.win32_1.5.0.202011040924/tools/bin/../lib/gcc/arm-none-eabi/7.3.1/../../../../arm-none-eabi/lib/thumb/v7e-m/fpv5/hard\libc_nano.a(lib_a-memcpy-stub.o)
 .debug_frame   0x0000000000000074       0x20 c:/st/stm32cubeide_1.5.0/stm32cubeide/plugins/com.st.stm32cube.ide.mcu.externaltools.gnu-tools-for-stm32.7-2018-q2-update.win32_1.5.0.202011040924/tools/bin/../lib/gcc/arm-none-eabi/7.3.1/../../../../arm-none-eabi/lib/thumb/v7e-m/fpv5/hard\libc_nano.a(lib_a-memset.o)
 .debug_frame   0x0000000000000094       0x7c c:/st/stm32cubeide_1.5.0/stm32cubeide/plugins/com.st.stm32cube.ide.mcu.externaltools.gnu-tools-for-stm32.7-2018-q2-update.win32_1.5.0.202011040924/tools/bin/../lib/gcc/arm-none-eabi/7.3.1/../../../../arm-none-eabi/lib/thumb/v7e-m/fpv5/hard\libc_nano.a(lib_a-snprintf.o)
 .debug_frame   0x0000000000000110       0x20 c:/st/stm32cubeide_1.5.0/stm32cubeide/plugins/com.st.stm32cube.ide.mcu.externaltools.gnu-tools-for-stm32.7-2018-q2-update.win32_1.5.0.202011040924/tools/bin/../lib/gcc/arm-none-eabi/7.3.1/../../../../arm-none-eabi/lib/thumb/v7e-m/fpv5/hard\libc_nano.a(lib_a-strcmp.o)
 .debug_frame   0x0000000000000130       0x90 c:/st/stm32cubeide_1.5.0/stm32cubeide/plugins/com.st.stm32cube.ide.mcu.externaltools.gnu-tools-for-stm32.7-2018-q2-update.win32_1.5.0.202011040924/tools/bin/../lib/gcc/arm-none-eabi/7.3.1/../../../../arm-none-eabi/lib/thumb/v7e-m/fpv5/hard\libc_nano.a(lib_a-nano-svfprintf.o)
 .debug_frame   0x00000000000001c0       0x60 c:/st/stm32cubeide_1.5.0/stm32cubeide/plugins/com.st.stm32cube.ide.mcu.externaltools.gnu-tools-for-stm32.7-2018-q2-update.win32_1.5.0.202011040924/tools/bin/../lib/gcc/arm-none-eabi/7.3.1/../../../../arm-none-eabi/lib/thumb/v7e-m/fpv5/hard\libc_nano.a(lib_a-nano-vfprintf_i.o)
 .debug_frame   0x0000000000000220       0x28 c:/st/stm32cubeide_1.5.0/stm32cubeide/plugins/com.st.stm32cube.ide.mcu.externaltools.gnu-tools-for-stm32.7-2018-q2-update.win32_1.5.0.202011040924/tools/bin/../lib/gcc/arm-none-eabi/7.3.1/../../../../arm-none-eabi/lib/thumb/v7e-m/fpv5/hard\libc_nano.a(lib_a-memmove.o)
 .debug_frame   0x0000000000000248       0x38 c:/st/stm32cubeide_1.5.0/stm32cubeide/plugins/com.st.stm32cube.ide.mcu.externaltools.gnu-tools-for-stm32.7-2018-q2-update.win32_1.5.0.202011040924/tools/bin/../lib/gcc/arm-none-eabi/7.3.1/../../../../arm-none-eabi/lib/thumb/v7e-m/fpv5/hard\libc_nano.a(lib_a-nano-freer.o)
 .debug_frame   0x0000000000000280       0x2c c:/st/stm32cubeide_1.5.0/stm32cubeide/plugins/com.st.stm32cube.ide.mcu.externaltools.gnu-tools-for-stm32.7-2018-q2-update.win32_1.5.0.202011040924/tools/bin/../lib/gcc/arm-none-eabi/7.3.1/../../../../arm-none-eabi/lib/thumb/v7e-m/fpv5/hard\libc_nano.a(lib_a-nano-mallocr.o)
 .debug_frame   0x00000000000002ac       0x3c c:/st/stm32cubeide_1.5.0/stm32cubeide/plugins/com.st.stm32cube.ide.mcu.externaltools.gnu-tools-for-stm32.7-2018-q2-update.win32_1.5.0.202011040924/tools/bin/../lib/gcc/arm-none-eabi/7.3.1/../../../../arm-none-eabi/lib/thumb/v7e-m/fpv5/hard\libc_nano.a(lib_a-nano-reallocr.o)
 .debug_frame   0x00000000000002e8       0x2c c:/st/stm32cubeide_1.5.0/stm32cubeide/plugins/com.st.stm32cube.ide.mcu.externaltools.gnu-tools-for-stm32.7-2018-q2-update.win32_1.5.0.202011040924/tools/bin/../lib/gcc/arm-none-eabi/7.3.1/../../../../arm-none-eabi/lib/thumb/v7e-m/fpv5/hard\libc_nano.a(lib_a-sbrkr.o)
 .debug_frame   0x0000000000000314       0x30 c:/st/stm32cubeide_1.5.0/stm32cubeide/plugins/com.st.stm32cube.ide.mcu.externaltools.gnu-tools-for-stm32.7-2018-q2-update.win32_1.5.0.202011040924/tools/bin/../lib/gcc/arm-none-eabi/7.3.1/../../../../arm-none-eabi/lib/thumb/v7e-m/fpv5/hard\libc_nano.a(lib_a-mlock.o)
 .debug_frame   0x0000000000000344       0x20 c:/st/stm32cubeide_1.5.0/stm32cubeide/plugins/com.st.stm32cube.ide.mcu.externaltools.gnu-tools-for-stm32.7-2018-q2-update.win32_1.5.0.202011040924/tools/bin/../lib/gcc/arm-none-eabi/7.3.1/../../../../arm-none-eabi/lib/thumb/v7e-m/fpv5/hard\libc_nano.a(lib_a-nano-msizer.o)
 .debug_frame   0x0000000000000364       0x5c c:/st/stm32cubeide_1.5.0/stm32cubeide/plugins/com.st.stm32cube.ide.mcu.externaltools.gnu-tools-for-stm32.7-2018-q2-update.win32_1.5.0.202011040924/tools/bin/../lib/gcc/arm-none-eabi/7.3.1/../../../../arm-none-eabi/lib/thumb/v7e-m/fpv5/hard\libc_nano.a(lib_a-reent.o)
 .debug_frame   0x00000000000003c0       0x2c c:/st/stm32cubeide_1.5.0/stm32cubeide/plugins/com.st.stm32cube.ide.mcu.externaltools.gnu-tools-for-stm32.7-2018-q2-update.win32_1.5.0.202011040924/tools/bin/../lib/gcc/arm-none-eabi/7.3.1/thumb/v7e-m/fpv5/hard\libgcc.a(_aeabi_uldivmod.o)
 .debug_frame   0x00000000000003ec       0x34 c:/st/stm32cubeide_1.5.0/stm32cubeide/plugins/com.st.stm32cube.ide.mcu.externaltools.gnu-tools-for-stm32.7-2018-q2-update.win32_1.5.0.202011040924/tools/bin/../lib/gcc/arm-none-eabi/7.3.1/thumb/v7e-m/fpv5/hard\libgcc.a(_udivmoddi4.o)
